Component: ARM Compiler 5.06 update 5 (build 528) Tool: armlink [4d35e2]

==============================================================================

Section Cross References

    startup_stm32f407xx.o(STACK) refers (Special) to heapauxi.o(.text) for __use_two_region_memory
    startup_stm32f407xx.o(HEAP) refers (Special) to heapauxi.o(.text) for __use_two_region_memory
    startup_stm32f407xx.o(RESET) refers (Special) to heapauxi.o(.text) for __use_two_region_memory
    startup_stm32f407xx.o(RESET) refers to startup_stm32f407xx.o(STACK) for __initial_sp
    startup_stm32f407xx.o(RESET) refers to startup_stm32f407xx.o(.text) for Reset_Handler
    startup_stm32f407xx.o(RESET) refers to system.o(i.SysTick_Handler) for SysTick_Handler
    startup_stm32f407xx.o(RESET) refers to exti.o(i.EXTI0_IRQHandler) for EXTI0_IRQHandler
    startup_stm32f407xx.o(RESET) refers to exti.o(i.EXTI1_IRQHandler) for EXTI1_IRQHandler
    startup_stm32f407xx.o(RESET) refers to exti.o(i.EXTI2_IRQHandler) for EXTI2_IRQHandler
    startup_stm32f407xx.o(RESET) refers to exti.o(i.EXTI3_IRQHandler) for EXTI3_IRQHandler
    startup_stm32f407xx.o(RESET) refers to exti.o(i.EXTI4_IRQHandler) for EXTI4_IRQHandler
    startup_stm32f407xx.o(RESET) refers to exti.o(i.EXTI9_5_IRQHandler) for EXTI9_5_IRQHandler
    startup_stm32f407xx.o(RESET) refers to timer.o(i.TIM1_CC_IRQHandler) for TIM1_CC_IRQHandler
    startup_stm32f407xx.o(RESET) refers to timer.o(i.TIM2_IRQHandler) for TIM2_IRQHandler
    startup_stm32f407xx.o(RESET) refers to timer.o(i.TIM3_IRQHandler) for TIM3_IRQHandler
    startup_stm32f407xx.o(RESET) refers to timer.o(i.TIM4_IRQHandler) for TIM4_IRQHandler
    startup_stm32f407xx.o(RESET) refers to serial_uart_stm32f4xx.o(i.USART1_IRQHandler) for USART1_IRQHandler
    startup_stm32f407xx.o(RESET) refers to serial_uart_stm32f4xx.o(i.USART2_IRQHandler) for USART2_IRQHandler
    startup_stm32f407xx.o(RESET) refers to serial_uart_stm32f4xx.o(i.USART3_IRQHandler) for USART3_IRQHandler
    startup_stm32f407xx.o(RESET) refers to exti.o(i.EXTI15_10_IRQHandler) for EXTI15_10_IRQHandler
    startup_stm32f407xx.o(RESET) refers to timer.o(i.TIM5_IRQHandler) for TIM5_IRQHandler
    startup_stm32f407xx.o(RESET) refers to serial_uart_stm32f4xx.o(i.USART6_IRQHandler) for USART6_IRQHandler
    startup_stm32f407xx.o(.text) refers (Special) to heapauxi.o(.text) for __use_two_region_memory
    startup_stm32f407xx.o(.text) refers to system_stm32f4xx.o(i.SystemInit) for SystemInit
    startup_stm32f407xx.o(.text) refers to __main.o(!!!main) for __main
    startup_stm32f407xx.o(.text) refers to startup_stm32f407xx.o(HEAP) for Heap_Mem
    startup_stm32f407xx.o(.text) refers to startup_stm32f407xx.o(STACK) for Stack_Mem
    stm32f4xx_flash.o(i.FLASH_EraseAllBank1Sectors) refers to stm32f4xx_flash.o(i.FLASH_WaitForLastOperation) for FLASH_WaitForLastOperation
    stm32f4xx_flash.o(i.FLASH_EraseAllBank2Sectors) refers to stm32f4xx_flash.o(i.FLASH_WaitForLastOperation) for FLASH_WaitForLastOperation
    stm32f4xx_flash.o(i.FLASH_EraseAllSectors) refers to stm32f4xx_flash.o(i.FLASH_WaitForLastOperation) for FLASH_WaitForLastOperation
    stm32f4xx_flash.o(i.FLASH_EraseSector) refers to stm32f4xx_flash.o(i.FLASH_WaitForLastOperation) for FLASH_WaitForLastOperation
    stm32f4xx_flash.o(i.FLASH_OB_Launch) refers to stm32f4xx_flash.o(i.FLASH_WaitForLastOperation) for FLASH_WaitForLastOperation
    stm32f4xx_flash.o(i.FLASH_OB_PCROP1Config) refers to stm32f4xx_flash.o(i.FLASH_WaitForLastOperation) for FLASH_WaitForLastOperation
    stm32f4xx_flash.o(i.FLASH_OB_PCROPConfig) refers to stm32f4xx_flash.o(i.FLASH_WaitForLastOperation) for FLASH_WaitForLastOperation
    stm32f4xx_flash.o(i.FLASH_OB_RDPConfig) refers to stm32f4xx_flash.o(i.FLASH_WaitForLastOperation) for FLASH_WaitForLastOperation
    stm32f4xx_flash.o(i.FLASH_OB_UserConfig) refers to stm32f4xx_flash.o(i.FLASH_WaitForLastOperation) for FLASH_WaitForLastOperation
    stm32f4xx_flash.o(i.FLASH_OB_WRP1Config) refers to stm32f4xx_flash.o(i.FLASH_WaitForLastOperation) for FLASH_WaitForLastOperation
    stm32f4xx_flash.o(i.FLASH_OB_WRPConfig) refers to stm32f4xx_flash.o(i.FLASH_WaitForLastOperation) for FLASH_WaitForLastOperation
    stm32f4xx_flash.o(i.FLASH_ProgramByte) refers to stm32f4xx_flash.o(i.FLASH_WaitForLastOperation) for FLASH_WaitForLastOperation
    stm32f4xx_flash.o(i.FLASH_ProgramDoubleWord) refers to stm32f4xx_flash.o(i.FLASH_WaitForLastOperation) for FLASH_WaitForLastOperation
    stm32f4xx_flash.o(i.FLASH_ProgramHalfWord) refers to stm32f4xx_flash.o(i.FLASH_WaitForLastOperation) for FLASH_WaitForLastOperation
    stm32f4xx_flash.o(i.FLASH_ProgramWord) refers to stm32f4xx_flash.o(i.FLASH_WaitForLastOperation) for FLASH_WaitForLastOperation
    stm32f4xx_flash.o(i.FLASH_WaitForLastOperation) refers to stm32f4xx_flash.o(i.FLASH_GetStatus) for FLASH_GetStatus
[...]
    i.RCC_GetClocksFreq                      0x08000d6c   Section        0  stm32f4xx_rcc.o(i.RCC_GetClocksFreq)
    i.ResetLedStatusConfig                   0x08000dfc   Section        0  config.o(i.ResetLedStatusConfig)
    i.ResetLedTimerConfig                    0x08000e1c   Section        0  config.o(i.ResetLedTimerConfig)
    i.ResetMotorConfig                       0x08000e48   Section        0  config.o(i.ResetMotorConfig)
    i.ResetPwmConfig                         0x08000e98   Section        0  config.o(i.ResetPwmConfig)
    i.ResetSerialConfig                      0x08000ec4   Section        0  config.o(i.ResetSerialConfig)
    i.ResetSerialPinConfig                   0x08000f00   Section        0  config.o(i.ResetSerialPinConfig)
    i.SetSysClock                            0x08000f64   Section        0  system_stm32f4xx.o(i.SetSysClock)
    i.SysTick_Handler                        0x08001018   Section        0  system.o(i.SysTick_Handler)
    i.SysTick_Init                           0x0800103c   Section        0  system.o(i.SysTick_Init)
    i.SystemInit                             0x08001060   Section        0  system_stm32f4xx.o(i.SystemInit)
    i.TI1_Config                             0x080010bc   Section        0  stm32f4xx_tim.o(i.TI1_Config)
    TI1_Config                               0x080010bd   Thumb Code    46  stm32f4xx_tim.o(i.TI1_Config)
    i.TI2_Config                             0x080010ea   Section        0  stm32f4xx_tim.o(i.TI2_Config)
    TI2_Config                               0x080010eb   Thumb Code    54  stm32f4xx_tim.o(i.TI2_Config)
    i.TIM1_CC_IRQHandler                     0x08001120   Section        0  timer.o(i.TIM1_CC_IRQHandler)
    i.TIM2_IRQHandler                        0x08001130   Section        0  timer.o(i.TIM2_IRQHandler)
    i.TIM3_IRQHandler                        0x08001140   Section        0  timer.o(i.TIM3_IRQHandler)
    i.TIM4_IRQHandler                        0x08001150   Section        0  timer.o(i.TIM4_IRQHandler)
    i.TIM5_IRQHandler                        0x08001160   Section        0  timer.o(i.TIM5_IRQHandler)
    i.TIM_Cmd                                0x08001170   Section        0  stm32f4xx_tim.o(i.TIM_Cmd)
    i.TIM_CtrlPWMOutputs                     0x08001184   Section        0  stm32f4xx_tim.o(i.TIM_CtrlPWMOutputs)
    i.TIM_ICInit                             0x0800119a   Section        0  stm32f4xx_tim.o(i.TIM_ICInit)
    i.TIM_ICStructInit                       0x08001246   Section        0  stm32f4xx_tim.o(i.TIM_ICStructInit)
    i.TIM_ITConfig                           0x08001256   Section        0  stm32f4xx_tim.o(i.TIM_ITConfig)
    i.TIM_OC1Init                            0x08001268   Section        0  stm32f4xx_tim.o(i.TIM_OC1Init)
    i.TIM_OC1PreloadConfig                   0x080012c8   Section        0  stm32f4xx_tim.o(i.TIM_OC1PreloadConfig)
    i.TIM_OC2Init                            0x080012d4   Section        0  stm32f4xx_tim.o(i.TIM_OC2Init)
    i.TIM_OC2PreloadConfig                   0x08001354   Section        0  stm32f4xx_tim.o(i.TIM_OC2PreloadConfig)
    i.TIM_OC3Init                            0x08001368   Section        0  stm32f4xx_tim.o(i.TIM_OC3Init)
    i.TIM_OC3PreloadConfig                   0x080013e4   Section        0  stm32f4xx_tim.o(i.TIM_OC3PreloadConfig)
    i.TIM_OC4Init                            0x080013f0   Section        0  stm32f4xx_tim.o(i.TIM_OC4Init)
    i.TIM_OC4PreloadConfig                   0x08001450   Section        0  stm32f4xx_tim.o(i.TIM_OC4PreloadConfig)
    i.TIM_OCStructInit                       0x08001464   Section        0  stm32f4xx_tim.o(i.TIM_OCStructInit)
    i.TIM_SetIC1Prescaler                    0x08001478   Section        0  stm32f4xx_tim.o(i.TIM_SetIC1Prescaler)
    i.TIM_SetIC2Prescaler                    0x08001488   Section        0  stm32f4xx_tim.o(i.TIM_SetIC2Prescaler)
    i.TIM_SetIC3Prescaler                    0x080014a0   Section        0  stm32f4xx_tim.o(i.TIM_SetIC3Prescaler)
    i.TIM_SetIC4Prescaler                    0x080014b0   Section        0  stm32f4xx_tim.o(i.TIM_SetIC4Prescaler)
    i.TIM_TimeBaseInit                       0x080014c8   Section        0  stm32f4xx_tim.o(i.TIM_TimeBaseInit)
    i.TIM_TimeBaseStructInit                 0x08001544   Section        0  stm32f4xx_tim.o(i.TIM_TimeBaseStructInit)
    i.USART1_IRQHandler                      0x08001558   Section        0  serial_uart_stm32f4xx.o(i.USART1_IRQHandler)
    i.USART2_IRQHandler                      0x08001568   Section        0  serial_uart_stm32f4xx.o(i.USART2_IRQHandler)
    i.USART3_IRQHandler                      0x08001578   Section        0  serial_uart_stm32f4xx.o(i.USART3_IRQHandler)
    i.USART6_IRQHandler                      0x08001588   Section        0  serial_uart_stm32f4xx.o(i.USART6_IRQHandler)
    i.USART_ClearITPendingBit                0x08001598   Section        0  stm32f4xx_usart.o(i.USART_ClearITPendingBit)
    i.USART_Cmd                              0x080015a4   Section        0  stm32f4xx_usart.o(i.USART_Cmd)
    i.USART_DMACmd                           0x080015b8   Section        0  stm32f4xx_usart.o(i.USART_DMACmd)
    i.USART_GetITStatus                      0x080015c8   Section        0  stm32f4xx_usart.o(i.USART_GetITStatus)
    i.USART_HalfDuplexCmd                    0x08001606   Section        0  stm32f4xx_usart.o(i.USART_HalfDuplexCmd)
    i.USART_ITConfig                         0x0800161a   Section        0  stm32f4xx_usart.o(i.USART_ITConfig)
    i.USART_Init                             0x0800164c   Section        0  stm32f4xx_usart.o(i.USART_Init)
    i.USART_SendData                         0x080016f8   Section        0  stm32f4xx_usart.o(i.USART_SendData)
    i.configTimeBaseKhz                      0x08001700   Section        0  timer.o(i.configTimeBaseKhz)
    i.configTimeBaseMhz4UserBtn              0x0800174c   Section        0  timer.o(i.configTimeBaseMhz4UserBtn)
    i.delay                                  0x08001794   Section        0  system.o(i.delay)
    i.delayMicroseconds                      0x080017ac   Section        0  system.o(i.delayMicroseconds)
    i.feature                                0x080017c4   Section        0  feature.o(i.feature)
    i.findNextSerialPortConfig               0x080017d8   Section        0  serial.o(i.findNextSerialPortConfig)
    i.findSerialPortConfig                   0x08001800   Section        0  serial.o(i.findSerialPortConfig)
    i.findSerialPortIndexByIdentifier        0x08001810   Section        0  serial.o(i.findSerialPortIndexByIdentifier)
    i.findSerialPortUsageByIdentifier        0x0800182c   Section        0  serial.o(i.findSerialPortUsageByIdentifier)
    i.fputc                                  0x08001854   Section        0  main.o(i.fputc)
    i.intFeatureClearAll                     0x08001862   Section        0  feature.o(i.intFeatureClearAll)
    i.intFeatureSet                          0x08001868   Section        0  feature.o(i.intFeatureSet)
    i.isUartTransmitBufferEmpty              0x08001870   Section        0  serial_uart.o(i.isUartTransmitBufferEmpty)
    i.latchActiveFeatures                    0x0800188c   Section        0  feature.o(i.latchActiveFeatures)
    i.ledTimerInit                           0x080018a0   Section        0  pwm_output.o(i.ledTimerInit)
    i.main                                   0x08001960   Section        0  main.o(i.main)
    i.micros                                 0x08001a3c   Section        0  system.o(i.micros)
    i.microsISR                              0x08001a90   Section        0  system.o(i.microsISR)
    i.openSerialPort                         0x08001adc   Section        0  serial.o(i.openSerialPort)
    i.pwmEdgeCallback                        0x08001b5c   Section        0  rx_pwm.o(i.pwmEdgeCallback)
    pwmEdgeCallback                          0x08001b5d   Thumb Code    78  rx_pwm.o(i.pwmEdgeCallback)
    i.pwmICConfig                            0x08001bb4   Section        0  rx_pwm.o(i.pwmICConfig)
    i.pwmOCConfig                            0x08001bf8   Section        0  pwm_output.o(i.pwmOCConfig)
    pwmOCConfig                              0x08001bf9   Thumb Code   100  pwm_output.o(i.pwmOCConfig)
    i.pwmOverflowCallback                    0x08001c5c   Section        0  rx_pwm.o(i.pwmOverflowCallback)
    pwmOverflowCallback                      0x08001c5d   Thumb Code    30  rx_pwm.o(i.pwmOverflowCallback)
    i.pwmRead                                0x08001c80   Section        0  rx_pwm.o(i.pwmRead)
    i.pwmRxInit                              0x08001c8c   Section        0  rx_pwm.o(i.pwmRxInit)
    i.pwmWriteLed                            0x08001d30   Section        0  pwm_output.o(i.pwmWriteLed)
    i.pwmWriteStandard                       0x08001d3c   Section        0  pwm_output.o(i.pwmWriteStandard)
    pwmWriteStandard                         0x08001d3d   Thumb Code    14  pwm_output.o(i.pwmWriteStandard)
    i.pwmWriteUnused                         0x08001d50   Section        0  pwm_output.o(i.pwmWriteUnused)
    pwmWriteUnused                           0x08001d51   Thumb Code     2  pwm_output.o(i.pwmWriteUnused)
    i.rxSerial3TestInit                      0x08001d54   Section        0  rxserial3test.o(i.rxSerial3TestInit)
    i.rxSerial3TestWrite                     0x08001d80   Section        0  rxserial3test.o(i.rxSerial3TestWrite)
    i.serialInit                             0x08001d90   Section        0  serial.o(i.serialInit)
    i.serialUART                             0x08001dc4   Section        0  serial_uart_stm32f4xx.o(i.serialUART)
    i.serialUART1                            0x08001ed4   Section        0  serial_uart_stm32f4xx.o(i.serialUART1)
    i.serialUART2                            0x08001ee0   Section        0  serial_uart_stm32f4xx.o(i.serialUART2)
    i.serialUART3                            0x08001eec   Section        0  serial_uart_stm32f4xx.o(i.serialUART3)
    i.serialUART6                            0x08001ef8   Section        0  serial_uart_stm32f4xx.o(i.serialUART6)
    i.serialWrite                            0x08001f04   Section        0  serial.o(i.serialWrite)
    i.systemInit                             0x08001f0c   Section        0  main.o(i.systemInit)
    i.targetConfiguration                    0x08001f5c   Section        0  config.o(i.targetConfiguration)
    i.timCCxHandler                          0x08001f9a   Section        0  timer.o(i.timCCxHandler)
    timCCxHandler                            0x08001f9b   Thumb Code   122  timer.o(i.timCCxHandler)
    i.timerChCCHandlerInit                   0x08002014   Section        0  timer.o(i.timerChCCHandlerInit)
    i.timerChCCR                             0x08002018   Section        0  timer.o(i.timerChCCR)
    i.timerChConfigCallbacks                 0x08002024   Section        0  timer.o(i.timerChConfigCallbacks)
    i.timerChOvrHandlerInit                  0x08002100   Section        0  timer.o(i.timerChOvrHandlerInit)
    i.timerClockDivisor                      0x08002108   Section        0  timer_stm32f4xx.o(i.timerClockDivisor)
    i.timerConfigure4UserBtn                 0x08002144   Section        0  timer.o(i.timerConfigure4UserBtn)
    i.timerGetByTag                          0x0800217c   Section        0  timer.o(i.timerGetByTag)
    i.timerInit                              0x080021b8   Section        0  timer.o(i.timerInit)
    i.timerInputIrq                          0x0800223c   Section        0  timer.o(i.timerInputIrq)
    i.timerNVICConfigure                     0x08002260   Section        0  timer.o(i.timerNVICConfigure)
    i.timerOCInit                            0x0800227e   Section        0  timer.o(i.timerOCInit)
    i.timerOCPreloadConfig                   0x080022a6   Section        0  timer.o(i.timerOCPreloadConfig)
    i.timerRCC                               0x080022d0   Section        0  timer.o(i.timerRCC)
    i.uartIrqHandler                         0x080022f4   Section        0  serial_uart_stm32f4xx.o(i.uartIrqHandler)
    i.uartOpen                               0x0800238c   Section        0  serial_uart.o(i.uartOpen)
    i.uartRead                               0x08002518   Section        0  serial_uart.o(i.uartRead)
    i.uartReconfigure                        0x08002544   Section        0  serial_uart.o(i.uartReconfigure)
    uartReconfigure                          0x08002545   Thumb Code   140  serial_uart.o(i.uartReconfigure)
    i.uartSetBaudRate                        0x080025d0   Section        0  serial_uart.o(i.uartSetBaudRate)
    i.uartSetMode                            0x080025d6   Section        0  serial_uart.o(i.uartSetMode)
    i.uartStartTxDMA                         0x080025dc   Section        0  serial_uart.o(i.uartStartTxDMA)
    i.uartTotalRxBytesWaiting                0x08002626   Section        0  serial_uart.o(i.uartTotalRxBytesWaiting)
    i.uartTotalTxBytesFree                   0x0800263e   Section        0  serial_uart.o(i.uartTotalTxBytesFree)
    i.uartWrite                              0x08002664   Section        0  serial_uart.o(i.uartWrite)
    x$fpl$fpinit                             0x08002694   Section       10  fpinit.o(x$fpl$fpinit)
    $v0                                      0x08002694   Number         0  fpinit.o(x$fpl$fpinit)
    .constdata                               0x080026a0   Section      168  target.o(.constdata)
    .constdata                               0x08002748   Section       22  io.o(.constdata)
    ioDefUsedOffset                          0x08002748   Data           5  io.o(.constdata)
    ioDefUsedMask                            0x08002754   Data          10  io.o(.constdata)
    .constdata                               0x0800275e   Section        4  serial.o(.constdata)
    .constdata                               0x08002764   Section       40  serial_uart.o(.constdata)
    .constdata                               0x0800278c   Section      112  timer_stm32f4xx.o(.constdata)
    .data                                    0x20000000   Section       16  stm32f4xx_rcc.o(.data)
    APBAHBPrescTable                         0x20000000   Data          16  stm32f4xx_rcc.o(.data)
    .data                                    0x20000010   Section       16  main.o(.data)
    .data                                    0x20000020   Section        4  main.o(.data)
    .data                                    0x20000024   Section       20  system_stm32f4xx.o(.data)
    .data                                    0x20000038   Section       12  system.o(.data)
    usTicks                                  0x20000038   Data           4  system.o(.data)
    sysTickPending                           0x20000040   Data           4  system.o(.data)
    .data                                    0x20000044   Section        7  exti.o(.data)
    extiGroupPriority                        0x20000044   Data           7  exti.o(.data)
    .data                                    0x2000004b   Section        1  led.o(.data)
    ledPolarity                              0x2000004b   Data           1  led.o(.data)
    .data                                    0x2000004c   Section        4  rxserial3test.o(.data)
    rxSerial3TestPort                        0x2000004c   Data           4  rxserial3test.o(.data)
    .data                                    0x20000050   Section        8  serial.o(.data)
    findSerialPortConfigState                0x20000050   Data           1  serial.o(.data)
    serialConfig                             0x20000054   Data           4  serial.o(.data)
    .data                                    0x20000058   Section     1148  serial_uart_stm32f4xx.o(.data)
    uart1                                    0x20000058   Data        1148  serial_uart_stm32f4xx.o(.data)
    .data                                    0x200004d4   Section     1148  serial_uart_stm32f4xx.o(.data)
    uart2                                    0x200004d4   Data        1148  serial_uart_stm32f4xx.o(.data)
    .data                                    0x20000950   Section     1148  serial_uart_stm32f4xx.o(.data)
    uart3                                    0x20000950   Data        1148  serial_uart_stm32f4xx.o(.data)
    .data                                    0x20000dcc   Section     1148  serial_uart_stm32f4xx.o(.data)
    uart6                                    0x20000dcc   Data        1148  serial_uart_stm32f4xx.o(.data)
    .data                                    0x20001248   Section       24  serial_uart_stm32f4xx.o(.data)
    uartHardwareMap                          0x20001248   Data          24  serial_uart_stm32f4xx.o(.data)
    .data                                    0x20001260   Section       13  timer.o(.data)
    .data                                    0x20001270   Section        8  pwm_output.o(.data)
    pwmWritePtr                              0x20001274   Data           4  pwm_output.o(.data)
    .data                                    0x20001278   Section        2  rx_pwm.o(.data)
    inputFilteringMode                       0x20001279   Data           1  rx_pwm.o(.data)
    .data                                    0x2000127c   Section        4  feature.o(.data)
    activeFeaturesLatch                      0x2000127c   Data           4  feature.o(.data)
    .bss                                     0x20001280   Section       16  system.o(.bss)
    .bss                                     0x20001290   Section       64  exti.o(.bss)
    .bss                                     0x200012d0   Section      640  io.o(.bss)
    .bss                                     0x20001550   Section       16  led.o(.bss)
    leds                                     0x20001550   Data          16  led.o(.bss)
    .bss                                     0x20001560   Section       48  serial.o(.bss)
    serialPortUsageList                      0x20001560   Data          48  serial.o(.bss)
    .bss                                     0x20001590   Section      240  timer.o(.bss)
    .bss                                     0x20001680   Section      320  pwm_output.o(.bss)
    timerLeds                                0x20001680   Data          80  pwm_output.o(.bss)
    motors                                   0x200016d0   Data         240  pwm_output.o(.bss)
    .bss                                     0x200017c0   Section      320  rx_pwm.o(.bss)
    pwmInputPorts                            0x200017c0   Data         288  rx_pwm.o(.bss)
    captures                                 0x200018e0   Data          32  rx_pwm.o(.bss)
    .bss                                     0x20001900   Section      120  config.o(.bss)
    .bss                                     0x20001978   Section       96  libspace.o(.bss)
    HEAP                                     0x200019d8   Section      512  startup_stm32f407xx.o(HEAP)
    Heap_Mem                                 0x200019d8   Data         512  startup_stm32f407xx.o(HEAP)
    STACK                                    0x20001bd8   Section     1024  startup_stm32f407xx.o(STACK)
    Stack_Mem                                0x20001bd8   Data        1024  startup_stm32f407xx.o(STACK)
    __initial_sp                             0x20001fd8   Data           0  startup_stm32f407xx.o(STACK)

    Global Symbols

    Symbol Name                              Value     Ov Type        Size  Object(Section)

    BuildAttributes$$THM_ISAv4$E$P$D$K$B$S$7EM$VFPi3$EXTD16$VFPS$VFMA$PE$A:L22UL41UL21$X:L11$S22US41US21$IEEE1$IW$USESV6$~STKCKD$USESV7$~SHL$OSPACE$ROPI$EBA8$UX$STANDARDLIB$REQ8$PRES8$EABIv2 0x00000000   Number         0  anon$$obj.o ABSOLUTE
    __ARM_use_no_argv                        0x00000000   Number         0  main.o ABSOLUTE
    __ARM_exceptions_init                     - Undefined Weak Reference
    __alloca_initialize                       - Undefined Weak Reference
    __arm_preinit_                            - Undefined Weak Reference
    __cpp_initialize__aeabi_                  - Undefined Weak Reference
    __cxa_finalize                            - Undefined Weak Reference
    __rt_locale                               - Undefined Weak Reference
    __sigvec_lookup                           - Undefined Weak Reference
    _atexit_init                              - Undefined Weak Reference
    _call_atexit_fns                          - Undefined Weak Reference
    _clock_init                               - Undefined Weak Reference
    _fp_trap_init                             - Undefined Weak Reference
    _fp_trap_shutdown                         - Undefined Weak Reference
    _get_lc_collate                           - Undefined Weak Reference
    _get_lc_ctype                             - Undefined Weak Reference
    _get_lc_monetary                          - Undefined Weak Reference
    _get_lc_numeric                           - Undefined Weak Reference
    _get_lc_time                              - Undefined Weak Reference
    _getenv_init                              - Undefined Weak Reference
    _handle_redirection                       - Undefined Weak Reference
    _init_alloc                               - Undefined Weak Reference
    _init_user_alloc                          - Undefined Weak Reference
    _initio                                   - Undefined Weak Reference
    _mutex_acquire                            - Undefined Weak Reference
    _mutex_release                            - Undefined Weak Reference
    _printf_post_padding                      - Undefined Weak Reference
    _printf_pre_padding                       - Undefined Weak Reference
    _printf_truncate_signed                   - Undefined Weak Reference
    _printf_truncate_unsigned                 - Undefined Weak Reference
    _signal_finish                            - Undefined Weak Reference
    _signal_init                              - Undefined Weak Reference
    _terminate_alloc                          - Undefined Weak Reference
    _terminate_user_alloc                     - Undefined Weak Reference
    _terminateio                              - Undefined Weak Reference
    __Vectors_Size                           0x00000188   Number         0  startup_stm32f407xx.o ABSOLUTE
    __Vectors                                0x08000000   Data           4  startup_stm32f407xx.o(RESET)
    __Vectors_End                            0x08000188   Data           0  startup_stm32f407xx.o(RESET)
    __main                                   0x08000189   Thumb Code     8  __main.o(!!!main)
    __scatterload                            0x08000191   Thumb Code     0  __scatter.o(!!!scatter)
    __scatterload_rt2                        0x08000191   Thumb Code    44  __scatter.o(!!!scatter)
    __scatterload_rt2_thumb_only             0x08000191   Thumb Code     0  __scatter.o(!!!scatter)
    __scatterload_null                       0x0800019f   Thumb Code     0  __scatter.o(!!!scatter)
    __decompress                             0x080001c5   Thumb Code    90  __dczerorl2.o(!!dczerorl2)
    __decompress1                            0x080001c5   Thumb Code     0  __dczerorl2.o(!!dczerorl2)
    __scatterload_zeroinit                   0x08000221   Thumb Code    28  __scatter_zi.o(!!handler_zi)
    _printf_percent                          0x0800023d   Thumb Code     0  _printf_percent.o(.ARM.Collect$$_printf_percent$$00000000)
    _printf_u                                0x0800023d   Thumb Code     0  _printf_u.o(.ARM.Collect$$_printf_percent$$0000000A)
    _printf_percent_end                      0x08000243   Thumb Code     0  _printf_percent_end.o(.ARM.Collect$$_printf_percent$$00000017)
    __rt_lib_init                            0x08000247   Thumb Code     0  libinit.o(.ARM.Collect$$libinit$$00000000)
    __rt_lib_init_fp_1                       0x08000249   Thumb Code     0  libinit2.o(.ARM.Collect$$libinit$$00000001)
    __rt_lib_init_alloca_1                   0x0800024d   Thumb Code     0  libinit2.o(.ARM.Collect$$libinit$$0000002E)
    __rt_lib_init_argv_1                     0x0800024d   Thumb Code     0  libinit2.o(.ARM.Collect$$libinit$$0000002C)
    __rt_lib_init_atexit_1                   0x0800024d   Thumb Code     0  libinit2.o(.ARM.Collect$$libinit$$0000001B)
    __rt_lib_init_clock_1                    0x0800024d   Thumb Code     0  libinit2.o(.ARM.Collect$$libinit$$00000021)
    __rt_lib_init_cpp_1                      0x0800024d   Thumb Code     0  libinit2.o(.ARM.Collect$$libinit$$00000032)
    __rt_lib_init_exceptions_1               0x0800024d   Thumb Code     0  libinit2.o(.ARM.Collect$$libinit$$00000030)
    __rt_lib_init_fp_trap_1                  0x0800024d   Thumb Code     0  libinit2.o(.ARM.Collect$$libinit$$0000001F)
    __rt_lib_init_getenv_1                   0x0800024d   Thumb Code     0  libinit2.o(.ARM.Collect$$libinit$$00000023)
    __rt_lib_init_heap_1                     0x0800024d   Thumb Code     0  libinit2.o(.ARM.Collect$$libinit$$0000000A)
    __rt_lib_init_lc_collate_1               0x0800024d   Thumb Code     0  libinit2.o(.ARM.Collect$$libinit$$00000011)
    __rt_lib_init_lc_ctype_1                 0x0800024d   Thumb Code     0  libinit2.o(.ARM.Collect$$libinit$$00000013)
    __rt_lib_init_lc_monetary_1              0x0800024d   Thumb Code     0  libinit2.o(.ARM.Collect$$libinit$$00000015)
    __rt_lib_init_lc_numeric_1               0x0800024d   Thumb Code     0  libinit2.o(.ARM.Collect$$libinit$$00000017)
    __rt_lib_init_lc_time_1                  0x0800024d   Thumb Code     0  libinit2.o(.ARM.Collect$$libinit$$00000019)
    __rt_lib_init_preinit_1                  0x0800024d   Thumb Code     0  libinit2.o(.ARM.Collect$$libinit$$00000004)
    __rt_lib_init_rand_1                     0x0800024d   Thumb Code     0  libinit2.o(.ARM.Collect$$libinit$$0000000E)
    __rt_lib_init_return                     0x0800024d   Thumb Code     0  libinit2.o(.ARM.Collect$$libinit$$00000033)
    __rt_lib_init_signal_1                   0x0800024d   Thumb Code     0  libinit2.o(.ARM.Collect$$libinit$$0000001D)
    __rt_lib_init_stdio_1                    0x0800024d   Thumb Code     0  libinit2.o(.ARM.Collect$$libinit$$00000025)
    __rt_lib_init_user_alloc_1               0x0800024d   Thumb Code     0  libinit2.o(.ARM.Collect$$libinit$$0000000C)
    __rt_lib_shutdown                        0x0800024f   Thumb Code     0  libshutdown.o(.ARM.Collect$$libshutdown$$00000000)
    __rt_lib_shutdown_cpp_1                  0x08000251   Thumb Code     0  libshutdown2.o(.ARM.Collect$$libshutdown$$00000002)
    __rt_lib_shutdown_fp_trap_1              0x08000251   Thumb Code     0  libshutdown2.o(.ARM.Collect$$libshutdown$$00000007)
    __rt_lib_shutdown_heap_1                 0x08000251   Thumb Code     0  libshutdown2.o(.ARM.Collect$$libshutdown$$0000000F)
    __rt_lib_shutdown_return                 0x08000251   Thumb Code     0  libshutdown2.o(.ARM.Collect$$libshutdown$$00000010)
    __rt_lib_shutdown_signal_1               0x08000251   Thumb Code     0  libshutdown2.o(.ARM.Collect$$libshutdown$$0000000A)
    __rt_lib_shutdown_stdio_1                0x08000251   Thumb Code     0  libshutdown2.o(.ARM.Collect$$libshutdown$$00000004)
    __rt_lib_shutdown_user_alloc_1           0x08000251   Thumb Code     0  libshutdown2.o(.ARM.Collect$$libshutdown$$0000000C)
    __rt_entry                               0x08000253   Thumb Code     0  __rtentry.o(.ARM.Collect$$rtentry$$00000000)
    __rt_entry_presh_1                       0x08000253   Thumb Code     0  __rtentry2.o(.ARM.Collect$$rtentry$$00000002)
    __rt_entry_sh                            0x08000253   Thumb Code     0  __rtentry4.o(.ARM.Collect$$rtentry$$00000004)
    __rt_entry_li                            0x08000259   Thumb Code     0  __rtentry2.o(.ARM.Collect$$rtentry$$0000000A)
    __rt_entry_postsh_1                      0x08000259   Thumb Code     0  __rtentry2.o(.ARM.Collect$$rtentry$$00000009)
    __rt_entry_main                          0x0800025d   Thumb Code     0  __rtentry2.o(.ARM.Collect$$rtentry$$0000000D)
    __rt_entry_postli_1                      0x0800025d   Thumb Code     0  __rtentry2.o(.ARM.Collect$$rtentry$$0000000C)
    __rt_exit                                0x08000265   Thumb Code     0  rtexit.o(.ARM.Collect$$rtexit$$00000000)
    __rt_exit_ls                             0x08000267   Thumb Code     0  rtexit2.o(.ARM.Collect$$rtexit$$00000003)
    __rt_exit_prels_1                        0x08000267   Thumb Code     0  rtexit2.o(.ARM.Collect$$rtexit$$00000002)
    __rt_exit_exit                           0x0800026b   Thumb Code     0  rtexit2.o(.ARM.Collect$$rtexit$$00000004)
    Reset_Handler                            0x08000271   Thumb Code     8  startup_stm32f407xx.o(.text)
    NMI_Handler                              0x08000279   Thumb Code     2  startup_stm32f407xx.o(.text)
    HardFault_Handler                        0x0800027b   Thumb Code     2  startup_stm32f407xx.o(.text)
    MemManage_Handler                        0x0800027d   Thumb Code     2  startup_stm32f407xx.o(.text)
    BusFault_Handler                         0x0800027f   Thumb Code     2  startup_stm32f407xx.o(.text)
    UsageFault_Handler                       0x08000281   Thumb Code     2  startup_stm32f407xx.o(.text)
    SVC_Handler                              0x08000283   Thumb Code     2  startup_stm32f407xx.o(.text)
    DebugMon_Handler                         0x08000285   Thumb Code     2  startup_stm32f407xx.o(.text)
    PendSV_Handler                           0x08000287   Thumb Code     2  startup_stm32f407xx.o(.text)
    ADC_IRQHandler                           0x0800028b   Thumb Code     0  startup_stm32f407xx.o(.text)
    CAN1_RX0_IRQHandler                      0x0800028b   Thumb Code     0  startup_stm32f407xx.o(.text)
    CAN1_RX1_IRQHandler                      0x0800028b   Thumb Code     0  startup_stm32f407xx.o(.text)
    CAN1_SCE_IRQHandler                      0x0800028b   Thumb Code     0  startup_stm32f407xx.o(.text)
    CAN1_TX_IRQHandler                       0x0800028b   Thumb Code     0  startup_stm32f407xx.o(.text)
    CAN2_RX0_IRQHandler                      0x0800028b   Thumb Code     0  startup_stm32f407xx.o(.text)
    CAN2_RX1_IRQHandler                      0x0800028b   Thumb Code     0  startup_stm32f407xx.o(.text)
    CAN2_SCE_IRQHandler                      0x0800028b   Thumb Code     0  startup_stm32f407xx.o(.text)
    CAN2_TX_IRQHandler                       0x0800028b   Thumb Code     0  startup_stm32f407xx.o(.text)
    DCMI_IRQHandler                          0x0800028b   Thumb Code     0  startup_stm32f407xx.o(.text)
    DMA1_Stream0_IRQHandler                  0x0800028b   Thumb Code     0  startup_stm32f407xx.o(.text)
    DMA1_Stream1_IRQHandler                  0x0800028b   Thumb Code     0  startup_stm32f407xx.o(.text)
    DMA1_Stream2_IRQHandler                  0x0800028b   Thumb Code     0  startup_stm32f407xx.o(.text)
    DMA1_Stream3_IRQHandler                  0x0800028b   Thumb Code     0  startup_stm32f407xx.o(.text)
    DMA1_Stream4_IRQHandler                  0x0800028b   Thumb Code     0  startup_stm32f407xx.o(.text)
    DMA1_Stream5_IRQHandler                  0x0800028b   Thumb Code     0  startup_stm32f407xx.o(.text)
    DMA1_Stream6_IRQHandler                  0x0800028b   Thumb Code     0  startup_stm32f407xx.o(.text)
    DMA1_Stream7_IRQHandler                  0x0800028b   Thumb Code     0  startup_stm32f407xx.o(.text)
    DMA2_Stream0_IRQHandler                  0x0800028b   Thumb Code     0  startup_stm32f407xx.o(.text)
    DMA2_Stream1_IRQHandler                  0x0800028b   Thumb Code     0  startup_stm32f407xx.o(.text)
    DMA2_Stream2_IRQHandler                  0x0800028b   Thumb Code     0  startup_stm32f407xx.o(.text)
    DMA2_Stream3_IRQHandler                  0x0800028b   Thumb Code     0  startup_stm32f407xx.o(.text)
    DMA2_Stream4_IRQHandler                  0x0800028b   Thumb Code     0  startup_stm32f407xx.o(.text)
    DMA2_Stream5_IRQHandler                  0x0800028b   Thumb Code     0  startup_stm32f407xx.o(.text)
    DMA2_Stream6_IRQHandler                  0x0800028b   Thumb Code     0  startup_stm32f407xx.o(.text)
    DMA2_Stream7_IRQHandler                  0x0800028b   Thumb Code     0  startup_stm32f407xx.o(.text)
    ETH_IRQHandler                           0x0800028b   Thumb Code     0  startup_stm32f407xx.o(.text)
    ETH_WKUP_IRQHandler                      0x0800028b   Thumb Code     0  startup_stm32f407xx.o(.text)
    FLASH_IRQHandler                         0x0800028b   Thumb Code     0  startup_stm32f407xx.o(.text)
    FMC_IRQHandler                           0x0800028b   Thumb Code     0  startup_stm32f407xx.o(.text)
    FPU_IRQHandler                           0x0800028b   Thumb Code     0  startup_stm32f407xx.o(.text)
    HASH_RNG_IRQHandler                      0x0800028b   Thumb Code     0  startup_stm32f407xx.o(.text)
    I2C1_ER_IRQHandler                       0x0800028b   Thumb Code     0  startup_stm32f407xx.o(.text)
    I2C1_EV_IRQHandler                       0x0800028b   Thumb Code     0  startup_stm32f407xx.o(.text)
    I2C2_ER_IRQHandler                       0x0800028b   Thumb Code     0  startup_stm32f407xx.o(.text)
    I2C2_EV_IRQHandler                       0x0800028b   Thumb Code     0  startup_stm32f407xx.o(.text)
    I2C3_ER_IRQHandler                       0x0800028b   Thumb Code     0  startup_stm32f407xx.o(.text)
    I2C3_EV_IRQHandler                       0x0800028b   Thumb Code     0  startup_stm32f407xx.o(.text)
    OTG_FS_IRQHandler                        0x0800028b   Thumb Code     0  startup_stm32f407xx.o(.text)
    OTG_FS_WKUP_IRQHandler                   0x0800028b   Thumb Code     0  startup_stm32f407xx.o(.text)
    OTG_HS_EP1_IN_IRQHandler                 0x0800028b   Thumb Code     0  startup_stm32f407xx.o(.text)
    OTG_HS_EP1_OUT_IRQHandler                0x0800028b   Thumb Code     0  startup_stm32f407xx.o(.text)
    OTG_HS_IRQHandler                        0x0800028b   Thumb Code     0  startup_stm32f407xx.o(.text)
    OTG_HS_WKUP_IRQHandler                   0x0800028b   Thumb Code     0  startup_stm32f407xx.o(.text)
    PVD_IRQHandler                           0x0800028b   Thumb Code     0  startup_stm32f407xx.o(.text)
    RCC_IRQHandler                           0x0800028b   Thumb Code     0  startup_stm32f407xx.o(.text)
    RTC_Alarm_IRQHandler                     0x0800028b   Thumb Code     0  startup_stm32f407xx.o(.text)
    RTC_WKUP_IRQHandler                      0x0800028b   Thumb Code     0  startup_stm32f407xx.o(.text)
    SDIO_IRQHandler                          0x0800028b   Thumb Code     0  startup_stm32f407xx.o(.text)
    SPI1_IRQHandler                          0x0800028b   Thumb Code     0  startup_stm32f407xx.o(.text)
    SPI2_IRQHandler                          0x0800028b   Thumb Code     0  startup_stm32f407xx.o(.text)
    SPI3_IRQHandler                          0x0800028b   Thumb Code     0  startup_stm32f407xx.o(.text)
    TAMP_STAMP_IRQHandler                    0x0800028b   Thumb Code     0  startup_stm32f407xx.o(.text)
    TIM1_BRK_TIM9_IRQHandler                 0x0800028b   Thumb Code     0  startup_stm32f407xx.o(.text)
    TIM1_TRG_COM_TIM11_IRQHandler            0x0800028b   Thumb Code     0  startup_stm32f407xx.o(.text)
    TIM1_UP_TIM10_IRQHandler                 0x0800028b   Thumb Code     0  startup_stm32f407xx.o(.text)
    TIM6_DAC_IRQHandler                      0x0800028b   Thumb Code     0  startup_stm32f407xx.o(.text)
    TIM7_IRQHandler                          0x0800028b   Thumb Code     0  startup_stm32f407xx.o(.text)
    TIM8_BRK_TIM12_IRQHandler                0x0800028b   Thumb Code     0  startup_stm32f407xx.o(.text)
    TIM8_CC_IRQHandler                       0x0800028b   Thumb Code     0  startup_stm32f407xx.o(.text)
    TIM8_TRG_COM_TIM14_IRQHandler            0x0800028b   Thumb Code     0  startup_stm32f407xx.o(.text)
    TIM8_UP_TIM13_IRQHandler                 0x0800028b   Thumb Code     0  startup_stm32f407xx.o(.text)
    UART4_IRQHandler                         0x0800028b   Thumb Code     0  startup_stm32f407xx.o(.text)
    UART5_IRQHandler                         0x0800028b   Thumb Code     0  startup_stm32f407xx.o(.text)
    WWDG_IRQHandler                          0x0800028b   Thumb Code     0  startup_stm32f407xx.o(.text)
    __user_initial_stackheap                 0x0800028d   Thumb Code     0  startup_stm32f407xx.o(.text)
    __2printf                                0x080002b1   Thumb Code    20  noretval__2printf.o(.text)
    __printf                                 0x080002c9   Thumb Code   104  __printf.o(.text)
    _printf_int_dec                          0x08000331   Thumb Code   104  _printf_dec.o(.text)
    __aeabi_memset                           0x080003a9   Thumb Code    16  aeabi_memset.o(.text)
    __aeabi_memclr                           0x080003b9   Thumb Code     0  rt_memclr.o(.text)
    __rt_memclr                              0x080003b9   Thumb Code    68  rt_memclr.o(.text)
    _memset                                  0x080003bd   Thumb Code     0  rt_memclr.o(.text)
    __aeabi_memclr4                          0x080003fd   Thumb Code     0  rt_memclr_w.o(.text)
    __aeabi_memclr8                          0x080003fd   Thumb Code     0  rt_memclr_w.o(.text)
    __rt_memclr_w                            0x080003fd   Thumb Code    78  rt_memclr_w.o(.text)
    _memset_w                                0x08000401   Thumb Code     0  rt_memclr_w.o(.text)
    __use_two_region_memory                  0x0800044b   Thumb Code     2  heapauxi.o(.text)
    __rt_heap_escrow$2region                 0x0800044d   Thumb Code     2  heapauxi.o(.text)
    __rt_heap_expand$2region                 0x0800044f   Thumb Code     2  heapauxi.o(.text)
    _printf_int_common                       0x08000451   Thumb Code   178  _printf_intcommon.o(.text)
    _printf_char_file                        0x08000505   Thumb Code    32  _printf_char_file.o(.text)
    _printf_char_common                      0x08000533   Thumb Code    32  _printf_char_common.o(.text)
    ferror                                   0x08000559   Thumb Code     8  ferror.o(.text)
    __user_setup_stackheap                   0x08000561   Thumb Code    74  sys_stackheap_outer.o(.text)
    exit                                     0x080005ab   Thumb Code    18  exit.o(.text)
    __user_libspace                          0x080005bd   Thumb Code     8  libspace.o(.text)
    __user_perproc_libspace                  0x080005bd   Thumb Code     0  libspace.o(.text)
    __user_perthread_libspace                0x080005bd   Thumb Code     0  libspace.o(.text)
    __I$use$semihosting                      0x080005c5   Thumb Code     0  use_no_semi.o(.text)
    __use_no_semihosting_swi                 0x080005c5   Thumb Code     2  use_no_semi.o(.text)
    __semihosting_library_function           0x080005c7   Thumb Code     0  indicate_semi.o(.text)
    _sys_exit                                0x080005c9   Thumb Code     8  sys_exit.o(.text)
    CheckEEPROMContainsValidData             0x080005d5   Thumb Code     6  config.o(i.CheckEEPROMContainsValidData)
    CreateDefaultConfig                      0x080005e1   Thumb Code    92  config.o(i.CreateDefaultConfig)
    DMA_Cmd                                  0x0800063d   Thumb Code    20  stm32f4xx_dma.o(i.DMA_Cmd)
    DMA_DeInit                               0x08000651   Thumb Code   272  stm32f4xx_dma.o(i.DMA_DeInit)
    DMA_GetCurrDataCounter                   0x08000775   Thumb Code     6  stm32f4xx_dma.o(i.DMA_GetCurrDataCounter)
    DMA_ITConfig                             0x0800077b   Thumb Code    44  stm32f4xx_dma.o(i.DMA_ITConfig)
    DMA_Init                                 0x080007a9   Thumb Code    80  stm32f4xx_dma.o(i.DMA_Init)
    DMA_MemoryTargetConfig                   0x080007fd   Thumb Code    10  stm32f4xx_dma.o(i.DMA_MemoryTargetConfig)
    DMA_SetCurrDataCounter                   0x08000807   Thumb Code     4  stm32f4xx_dma.o(i.DMA_SetCurrDataCounter)
    DMA_StructInit                           0x0800080b   Thumb Code    34  stm32f4xx_dma.o(i.DMA_StructInit)
    EXTI0_IRQHandler                         0x0800082d   Thumb Code     4  exti.o(i.EXTI0_IRQHandler)
    EXTI15_10_IRQHandler                     0x08000831   Thumb Code     4  exti.o(i.EXTI15_10_IRQHandler)
    EXTI1_IRQHandler                         0x08000835   Thumb Code     4  exti.o(i.EXTI1_IRQHandler)
    EXTI2_IRQHandler                         0x08000839   Thumb Code     4  exti.o(i.EXTI2_IRQHandler)
    EXTI3_IRQHandler                         0x0800083d   Thumb Code     4  exti.o(i.EXTI3_IRQHandler)
    EXTI4_IRQHandler                         0x08000841   Thumb Code     4  exti.o(i.EXTI4_IRQHandler)
    EXTI9_5_IRQHandler                       0x08000845   Thumb Code     4  exti.o(i.EXTI9_5_IRQHandler)
    EXTIInit                                 0x08000849   Thumb Code    32  exti.o(i.EXTIInit)
    EXTI_IRQHandler                          0x08000871   Thumb Code    56  exti.o(i.EXTI_IRQHandler)
    EnableGPIOClk                            0x080008b1   Thumb Code   110  main.o(i.EnableGPIOClk)
    GPIO_Init                                0x08000945   Thumb Code   162  stm32f4xx_gpio.o(i.GPIO_Init)
    GPIO_PinAFConfig                         0x080009e7   Thumb Code    32  stm32f4xx_gpio.o(i.GPIO_PinAFConfig)
    GPIO_StructInit                          0x08000a07   Thumb Code    18  stm32f4xx_gpio.o(i.GPIO_StructInit)
    IOConfigGPIO                             0x08000a19   Thumb Code    68  io.o(i.IOConfigGPIO)
    IOConfigGPIOAF                           0x08000a61   Thumb Code    86  io.o(i.IOConfigGPIOAF)
    IOGetByTag                               0x08000abd   Thumb Code    98  io.o(i.IOGetByTag)
    IOGlobalInit                             0x08000b29   Thumb Code    52  io.o(i.IOGlobalInit)
    IOInit                                   0x08000b69   Thumb Code     6  io.o(i.IOInit)
    IOWrite                                  0x08000b6f   Thumb Code    18  io.o(i.IOWrite)
    IO_GPIOPinIdx                            0x08000b81   Thumb Code    20  io.o(i.IO_GPIOPinIdx)
    IO_GPIOPortIdx                           0x08000b95   Thumb Code    18  io.o(i.IO_GPIOPortIdx)
    IO_GPIO_PinSource                        0x08000bad   Thumb Code     4  io.o(i.IO_GPIO_PinSource)
    LedInit                                  0x08000bb1   Thumb Code   128  led.o(i.LedInit)
    LedSet                                   0x08000c39   Thumb Code    32  led.o(i.LedSet)
    NVIC_Init                                0x08000c61   Thumb Code    96  misc.o(i.NVIC_Init)
    NVIC_PriorityGroupConfig                 0x08000cc5   Thumb Code    10  misc.o(i.NVIC_PriorityGroupConfig)
    RCC_AHB1PeriphClockCmd                   0x08000cd9   Thumb Code    18  stm32f4xx_rcc.o(i.RCC_AHB1PeriphClockCmd)
    RCC_AHB2PeriphClockCmd                   0x08000cf1   Thumb Code    18  stm32f4xx_rcc.o(i.RCC_AHB2PeriphClockCmd)
    RCC_APB1PeriphClockCmd                   0x08000d09   Thumb Code    18  stm32f4xx_rcc.o(i.RCC_APB1PeriphClockCmd)
    RCC_APB2PeriphClockCmd                   0x08000d21   Thumb Code    18  stm32f4xx_rcc.o(i.RCC_APB2PeriphClockCmd)
    RCC_ClearFlag                            0x08000d39   Thumb Code    12  stm32f4xx_rcc.o(i.RCC_ClearFlag)
    RCC_ClockCmd                             0x08000d49   Thumb Code    36  rcc.o(i.RCC_ClockCmd)
    RCC_GetClocksFreq                        0x08000d6d   Thumb Code   132  stm32f4xx_rcc.o(i.RCC_GetClocksFreq)
    ResetLedStatusConfig                     0x08000dfd   Thumb Code    32  config.o(i.ResetLedStatusConfig)
    ResetLedTimerConfig                      0x08000e1d   Thumb Code    40  config.o(i.ResetLedTimerConfig)
    ResetMotorConfig                         0x08000e49   Thumb Code    74  config.o(i.ResetMotorConfig)
    ResetPwmConfig                           0x08000e99   Thumb Code    40  config.o(i.ResetPwmConfig)
    ResetSerialConfig                        0x08000ec5   Thumb Code    56  config.o(i.ResetSerialConfig)
    ResetSerialPinConfig                     0x08000f01   Thumb Code    94  config.o(i.ResetSerialPinConfig)
    SetSysClock                              0x08000f65   Thumb Code   162  system_stm32f4xx.o(i.SetSysClock)
    SysTick_Handler                          0x08001019   Thumb Code    30  system.o(i.SysTick_Handler)
    SysTick_Init                             0x0800103d   Thumb Code    24  system.o(i.SysTick_Init)
    SystemInit                               0x08001061   Thumb Code    74  system_stm32f4xx.o(i.SystemInit)
    TIM1_CC_IRQHandler                       0x08001121   Thumb Code     8  timer.o(i.TIM1_CC_IRQHandler)
    TIM2_IRQHandler                          0x08001131   Thumb Code    10  timer.o(i.TIM2_IRQHandler)
    TIM3_IRQHandler                          0x08001141   Thumb Code     8  timer.o(i.TIM3_IRQHandler)
    TIM4_IRQHandler                          0x08001151   Thumb Code     8  timer.o(i.TIM4_IRQHandler)
    TIM5_IRQHandler                          0x08001161   Thumb Code     8  timer.o(i.TIM5_IRQHandler)
    TIM_Cmd                                  0x08001171   Thumb Code    20  stm32f4xx_tim.o(i.TIM_Cmd)
    TIM_CtrlPWMOutputs                       0x08001185   Thumb Code    22  stm32f4xx_tim.o(i.TIM_CtrlPWMOutputs)
    TIM_ICInit                               0x0800119b   Thumb Code   172  stm32f4xx_tim.o(i.TIM_ICInit)
    TIM_ICStructInit                         0x08001247   Thumb Code    16  stm32f4xx_tim.o(i.TIM_ICStructInit)
    TIM_ITConfig                             0x08001257   Thumb Code    16  stm32f4xx_tim.o(i.TIM_ITConfig)
    TIM_OC1Init                              0x08001269   Thumb Code    88  stm32f4xx_tim.o(i.TIM_OC1Init)
    TIM_OC1PreloadConfig                     0x080012c9   Thumb Code    12  stm32f4xx_tim.o(i.TIM_OC1PreloadConfig)
    TIM_OC2Init                              0x080012d5   Thumb Code   120  stm32f4xx_tim.o(i.TIM_OC2Init)
    TIM_OC2PreloadConfig                     0x08001355   Thumb Code    20  stm32f4xx_tim.o(i.TIM_OC2PreloadConfig)
    TIM_OC3Init                              0x08001369   Thumb Code   116  stm32f4xx_tim.o(i.TIM_OC3Init)
    TIM_OC3PreloadConfig                     0x080013e5   Thumb Code    12  stm32f4xx_tim.o(i.TIM_OC3PreloadConfig)
    TIM_OC4Init                              0x080013f1   Thumb Code    88  stm32f4xx_tim.o(i.TIM_OC4Init)
    TIM_OC4PreloadConfig                     0x08001451   Thumb Code    20  stm32f4xx_tim.o(i.TIM_OC4PreloadConfig)
    TIM_OCStructInit                         0x08001465   Thumb Code    20  stm32f4xx_tim.o(i.TIM_OCStructInit)
    TIM_SetIC1Prescaler                      0x08001479   Thumb Code    16  stm32f4xx_tim.o(i.TIM_SetIC1Prescaler)
    TIM_SetIC2Prescaler                      0x08001489   Thumb Code    24  stm32f4xx_tim.o(i.TIM_SetIC2Prescaler)
    TIM_SetIC3Prescaler                      0x080014a1   Thumb Code    16  stm32f4xx_tim.o(i.TIM_SetIC3Prescaler)
    TIM_SetIC4Prescaler                      0x080014b1   Thumb Code    24  stm32f4xx_tim.o(i.TIM_SetIC4Prescaler)
    TIM_TimeBaseInit                         0x080014c9   Thumb Code    96  stm32f4xx_tim.o(i.TIM_TimeBaseInit)
    TIM_TimeBaseStructInit                   0x08001545   Thumb Code    18  stm32f4xx_tim.o(i.TIM_TimeBaseStructInit)
    USART1_IRQHandler                        0x08001559   Thumb Code    10  serial_uart_stm32f4xx.o(i.USART1_IRQHandler)
    USART2_IRQHandler                        0x08001569   Thumb Code    10  serial_uart_stm32f4xx.o(i.USART2_IRQHandler)
    USART3_IRQHandler                        0x08001579   Thumb Code    10  serial_uart_stm32f4xx.o(i.USART3_IRQHandler)
    USART6_IRQHandler                        0x08001589   Thumb Code    10  serial_uart_stm32f4xx.o(i.USART6_IRQHandler)
    USART_ClearITPendingBit                  0x08001599   Thumb Code    12  stm32f4xx_usart.o(i.USART_ClearITPendingBit)
    USART_Cmd                                0x080015a5   Thumb Code    20  stm32f4xx_usart.o(i.USART_Cmd)
    USART_DMACmd                             0x080015b9   Thumb Code    16  stm32f4xx_usart.o(i.USART_DMACmd)
    USART_GetITStatus                        0x080015c9   Thumb Code    62  stm32f4xx_usart.o(i.USART_GetITStatus)
    USART_HalfDuplexCmd                      0x08001607   Thumb Code    20  stm32f4xx_usart.o(i.USART_HalfDuplexCmd)
    USART_ITConfig                           0x0800161b   Thumb Code    48  stm32f4xx_usart.o(i.USART_ITConfig)
    USART_Init                               0x0800164d   Thumb Code   164  stm32f4xx_usart.o(i.USART_Init)
    USART_SendData                           0x080016f9   Thumb Code     8  stm32f4xx_usart.o(i.USART_SendData)
    configTimeBaseKhz                        0x08001701   Thumb Code    70  timer.o(i.configTimeBaseKhz)
    configTimeBaseMhz4UserBtn                0x0800174d   Thumb Code    64  timer.o(i.configTimeBaseMhz4UserBtn)
    delay                                    0x08001795   Thumb Code    22  system.o(i.delay)
    delayMicroseconds                        0x080017ad   Thumb Code    24  system.o(i.delayMicroseconds)
    feature                                  0x080017c5   Thumb Code    16  feature.o(i.feature)
    findNextSerialPortConfig                 0x080017d9   Thumb Code    36  serial.o(i.findNextSerialPortConfig)
    findSerialPortConfig                     0x08001801   Thumb Code    10  serial.o(i.findSerialPortConfig)
    findSerialPortIndexByIdentifier          0x08001811   Thumb Code    24  serial.o(i.findSerialPortIndexByIdentifier)
    findSerialPortUsageByIdentifier          0x0800182d   Thumb Code    36  serial.o(i.findSerialPortUsageByIdentifier)
    fputc                                    0x08001855   Thumb Code    14  main.o(i.fputc)
    intFeatureClearAll                       0x08001863   Thumb Code     6  feature.o(i.intFeatureClearAll)
    intFeatureSet                            0x08001869   Thumb Code     8  feature.o(i.intFeatureSet)
    isUartTransmitBufferEmpty                0x08001871   Thumb Code    26  serial_uart.o(i.isUartTransmitBufferEmpty)
    latchActiveFeatures                      0x0800188d   Thumb Code    10  feature.o(i.latchActiveFeatures)
    ledTimerInit                             0x080018a1   Thumb Code   176  pwm_output.o(i.ledTimerInit)
    main                                     0x08001961   Thumb Code   172  main.o(i.main)
    micros                                   0x08001a3d   Thumb Code    74  system.o(i.micros)
    microsISR                                0x08001a91   Thumb Code    72  system.o(i.microsISR)
    openSerialPort                           0x08001add   Thumb Code   110  serial.o(i.openSerialPort)
    pwmICConfig                              0x08001bb5   Thumb Code    64  rx_pwm.o(i.pwmICConfig)
    pwmRead                                  0x08001c81   Thumb Code     8  rx_pwm.o(i.pwmRead)
    pwmRxInit                                0x08001c8d   Thumb Code   148  rx_pwm.o(i.pwmRxInit)
    pwmWriteLed                              0x08001d31   Thumb Code     6  pwm_output.o(i.pwmWriteLed)
    rxSerial3TestInit                        0x08001d55   Thumb Code    40  rxserial3test.o(i.rxSerial3TestInit)
    rxSerial3TestWrite                       0x08001d81   Thumb Code    10  rxserial3test.o(i.rxSerial3TestWrite)
    serialInit                               0x08001d91   Thumb Code    38  serial.o(i.serialInit)
    serialUART                               0x08001dc5   Thumb Code   264  serial_uart_stm32f4xx.o(i.serialUART)
    serialUART1                              0x08001ed5   Thumb Code    12  serial_uart_stm32f4xx.o(i.serialUART1)
    serialUART2                              0x08001ee1   Thumb Code    12  serial_uart_stm32f4xx.o(i.serialUART2)
    serialUART3                              0x08001eed   Thumb Code    12  serial_uart_stm32f4xx.o(i.serialUART3)
    serialUART6                              0x08001ef9   Thumb Code    12  serial_uart_stm32f4xx.o(i.serialUART6)
    serialWrite                              0x08001f05   Thumb Code     6  serial.o(i.serialWrite)
    systemInit                               0x08001f0d   Thumb Code    70  main.o(i.systemInit)
    targetConfiguration                      0x08001f5d   Thumb Code    62  config.o(i.targetConfiguration)
    timerChCCHandlerInit                     0x08002015   Thumb Code     4  timer.o(i.timerChCCHandlerInit)
    timerChCCR                               0x08002019   Thumb Code    10  timer.o(i.timerChCCR)
    timerChConfigCallbacks                   0x08002025   Thumb Code   212  timer.o(i.timerChConfigCallbacks)
    timerChOvrHandlerInit                    0x08002101   Thumb Code     8  timer.o(i.timerChOvrHandlerInit)
    timerClockDivisor                        0x08002109   Thumb Code    38  timer_stm32f4xx.o(i.timerClockDivisor)
    timerConfigure4UserBtn                   0x08002145   Thumb Code    54  timer.o(i.timerConfigure4UserBtn)
    timerGetByTag                            0x0800217d   Thumb Code    54  timer.o(i.timerGetByTag)
    timerInit                                0x080021b9   Thumb Code   120  timer.o(i.timerInit)
    timerInputIrq                            0x0800223d   Thumb Code    30  timer.o(i.timerInputIrq)
    timerNVICConfigure                       0x08002261   Thumb Code    30  timer.o(i.timerNVICConfigure)
    timerOCInit                              0x0800227f   Thumb Code    40  timer.o(i.timerOCInit)
    timerOCPreloadConfig                     0x080022a7   Thumb Code    40  timer.o(i.timerOCPreloadConfig)
    timerRCC                                 0x080022d1   Thumb Code    30  timer.o(i.timerRCC)
    uartIrqHandler                           0x080022f5   Thumb Code   150  serial_uart_stm32f4xx.o(i.uartIrqHandler)
    uartOpen                                 0x0800238d   Thumb Code   378  serial_uart.o(i.uartOpen)
    uartRead                                 0x08002519   Thumb Code    44  serial_uart.o(i.uartRead)
    uartSetBaudRate                          0x080025d1   Thumb Code     6  serial_uart.o(i.uartSetBaudRate)
    uartSetMode                              0x080025d7   Thumb Code     6  serial_uart.o(i.uartSetMode)
    uartStartTxDMA                           0x080025dd   Thumb Code    74  serial_uart.o(i.uartStartTxDMA)
    uartTotalRxBytesWaiting                  0x08002627   Thumb Code    24  serial_uart.o(i.uartTotalRxBytesWaiting)
    uartTotalTxBytesFree                     0x0800263f   Thumb Code    38  serial_uart.o(i.uartTotalTxBytesFree)
    uartWrite                                0x08002665   Thumb Code    48  serial_uart.o(i.uartWrite)
    _fp_init                                 0x08002695   Thumb Code    10  fpinit.o(x$fpl$fpinit)
    __fplib_config_fpu_vfp                   0x0800269d   Thumb Code     0  fpinit.o(x$fpl$fpinit)
    __fplib_config_pureend_doubles           0x0800269d   Thumb Code     0  fpinit.o(x$fpl$fpinit)
    timerHardware                            0x080026a0   Data         168  target.o(.constdata)
    ioPortDefs                               0x0800274d   Data           6  io.o(.constdata)
    serialPortIdentifiers                    0x0800275e   Data           4  serial.o(.constdata)
    uartVTable                               0x08002764   Data          40  serial_uart.o(.constdata)
    timerDefinitions                         0x0800278c   Data         112  timer_stm32f4xx.o(.constdata)
    Region$$Table$$Base                      0x080027fc   Number         0  anon$$obj.o(Region$$Table)
    Region$$Table$$Limit                     0x0800281c   Number         0  anon$$obj.o(Region$$Table)
    systemState                              0x20000010   Data           1  main.o(.data)
    TIM_ARR                                  0x20000014   Data           4  main.o(.data)
    ledDutyCycle                             0x20000018   Data           8  main.o(.data)
    __stdout                                 0x20000020   Data           4  main.o(.data)
    SystemCoreClock                          0x20000024   Data           4  system_stm32f4xx.o(.data)
    AHBPrescTable                            0x20000028   Data          16  system_stm32f4xx.o(.data)
    sysTickUptime                            0x2000003c   Data           4  system.o(.data)
    timerInfo                                0x20001260   Data           6  timer.o(.data)
    timerChannelInfo                         0x20001266   Data           7  timer.o(.data)
    pwmMotorsEnabled                         0x20001270   Data           1  pwm_output.o(.data)
    TIM_CAPTURE_STATUS                       0x20001278   Data           1  rx_pwm.o(.data)
    clocks                                   0x20001280   Data          16  system.o(.bss)
    extiChannelRecs                          0x20001290   Data          64  exti.o(.bss)
    ioRecs                                   0x200012d0   Data         640  io.o(.bss)
    timerConfig                              0x20001590   Data         240  timer.o(.bss)
    masterConfig                             0x20001900   Data         120  config.o(.bss)
    __libspace_start                         0x20001978   Data          96  libspace.o(.bss)
    __temporary_stack_top$libspace           0x200019d8   Data           0  libspace.o(.bss)



==============================================================================

Memory Map of the image

  Image Entry point : 0x08000189

  Load Region LR_IROM1 (Base: 0x08000000, Size: 0x00003a9c, Max: 0x00100000, ABSOLUTE, COMPRESSED[0x000028ac])

    Execution Region ER_IROM1 (Exec base: 0x08000000, Load base: 0x08000000, Size: 0x0000281c, Max: 0x00100000, ABSOLUTE)

    Exec Addr    Load Addr    Size         Type   Attr      Idx    E Section Name        Object

    0x08000000   0x08000000   0x00000188   Data   RO            3    RESET               startup_stm32f407xx.o
    0x08000188   0x08000188   0x00000008   Code   RO         3673  * !!!main             c_w.l(__main.o)
    0x08000190   0x08000190   0x00000034   Code   RO         3845    !!!scatter          c_w.l(__scatter.o)
    0x080001c4   0x080001c4   0x0000005a   Code   RO         3843    !!dczerorl2         c_w.l(__dczerorl2.o)
    0x0800021e   0x0800021e   0x00000002   PAD
    0x08000220   0x08000220   0x0000001c   Code   RO         3847    !!handler_zi        c_w.l(__scatter_zi.o)
    0x0800023c   0x0800023c   0x00000000   Code   RO         3659    .ARM.Collect$$_printf_percent$$00000000  c_w.l(_printf_percent.o)
    0x0800023c   0x0800023c   0x00000006   Code   RO         3658    .ARM.Collect$$_printf_percent$$0000000A  c_w.l(_printf_u.o)
    0x08000242   0x08000242   0x00000004   Code   RO         3680    .ARM.Collect$$_printf_percent$$00000017  c_w.l(_printf_percent_end.o)
    0x08000246   0x08000246   0x00000002   Code   RO         3766    .ARM.Collect$$libinit$$00000000  c_w.l(libinit.o)
    0x08000248   0x08000248   0x00000004   Code   RO         3681    .ARM.Collect$$libinit$$00000001  c_w.l(libinit2.o)
    0x0800024c   0x0800024c   0x00000000   Code   RO         3684    .ARM.Collect$$libinit$$00000004  c_w.l(libinit2.o)
    0x0800024c   0x0800024c   0x00000000   Code   RO         3687    .ARM.Collect$$libinit$$0000000A  c_w.l(libinit2.o)
    0x0800024c   0x0800024c   0x00000000   Code   RO         3689    .ARM.Collect$$libinit$$0000000C  c_w.l(libinit2.o)
    0x0800024c   0x0800024c   0x00000000   Code   RO         3691    .ARM.Collect$$libinit$$0000000E  c_w.l(libinit2.o)
    0x0800024c   0x0800024c   0x00000000   Code   RO         3694    .ARM.Collect$$libinit$$00000011  c_w.l(libinit2.o)
    0x0800024c   0x0800024c   0x00000000   Code   RO         3696    .ARM.Collect$$libinit$$00000013  c_w.l(libinit2.o)
    0x0800024c   0x0800024c   0x00000000   Code   RO         3698    .ARM.Collect$$libinit$$00000015  c_w.l(libinit2.o)
    0x0800024c   0x0800024c   0x00000000   Code   RO         3700    .ARM.Collect$$libinit$$00000017  c_w.l(libinit2.o)
    0x0800024c   0x0800024c   0x00000000   Code   RO         3702    .ARM.Collect$$libinit$$00000019  c_w.l(libinit2.o)
    0x0800024c   0x0800024c   0x00000000   Code   RO         3704    .ARM.Collect$$libinit$$0000001B  c_w.l(libinit2.o)
    0x0800024c   0x0800024c   0x00000000   Code   RO         3706    .ARM.Collect$$libinit$$0000001D  c_w.l(libinit2.o)
    0x0800024c   0x0800024c   0x00000000   Code   RO         3708    .ARM.Collect$$libinit$$0000001F  c_w.l(libinit2.o)
    0x0800024c   0x0800024c   0x00000000   Code   RO         3710    .ARM.Collect$$libinit$$00000021  c_w.l(libinit2.o)
    0x0800024c   0x0800024c   0x00000000   Code   RO         3712    .ARM.Collect$$libinit$$00000023  c_w.l(libinit2.o)
    0x0800024c   0x0800024c   0x00000000   Code   RO         3714    .ARM.Collect$$libinit$$00000025  c_w.l(libinit2.o)
    0x0800024c   0x0800024c   0x00000000   Code   RO         3718    .ARM.Collect$$libinit$$0000002C  c_w.l(libinit2.o)
    0x0800024c   0x0800024c   0x00000000   Code   RO         3720    .ARM.Collect$$libinit$$0000002E  c_w.l(libinit2.o)
    0x0800024c   0x0800024c   0x00000000   Code   RO         3722    .ARM.Collect$$libinit$$00000030  c_w.l(libinit2.o)
    0x0800024c   0x0800024c   0x00000000   Code   RO         3724    .ARM.Collect$$libinit$$00000032  c_w.l(libinit2.o)
    0x0800024c   0x0800024c   0x00000002   Code   RO         3725    .ARM.Collect$$libinit$$00000033  c_w.l(libinit2.o)
    0x0800024e   0x0800024e   0x00000002   Code   RO         3804    .ARM.Collect$$libshutdown$$00000000  c_w.l(libshutdown.o)
    0x08000250   0x08000250   0x00000000   Code   RO         3810    .ARM.Collect$$libshutdown$$00000002  c_w.l(libshutdown2.o)
    0x08000250   0x08000250   0x00000000   Code   RO         3812    .ARM.Collect$$libshutdown$$00000004  c_w.l(libshutdown2.o)
    0x08000250   0x08000250   0x00000000   Code   RO         3815    .ARM.Collect$$libshutdown$$00000007  c_w.l(libshutdown2.o)
    0x08000250   0x08000250   0x00000000   Code   RO         3818    .ARM.Collect$$libshutdown$$0000000A  c_w.l(libshutdown2.o)
    0x08000250   0x08000250   0x00000000   Code   RO         3820    .ARM.Collect$$libshutdown$$0000000C  c_w.l(libshutdown2.o)
    0x08000250   0x08000250   0x00000000   Code   RO         3823    .ARM.Collect$$libshutdown$$0000000F  c_w.l(libshutdown2.o)
    0x08000250   0x08000250   0x00000002   Code   RO         3824    .ARM.Collect$$libshutdown$$00000010  c_w.l(libshutdown2.o)
    0x08000252   0x08000252   0x00000000   Code   RO         3675    .ARM.Collect$$rtentry$$00000000  c_w.l(__rtentry.o)
    0x08000252   0x08000252   0x00000000   Code   RO         3727    .ARM.Collect$$rtentry$$00000002  c_w.l(__rtentry2.o)
    0x08000252   0x08000252   0x00000006   Code   RO         3739    .ARM.Collect$$rtentry$$00000004  c_w.l(__rtentry4.o)
    0x08000258   0x08000258   0x00000000   Code   RO         3729    .ARM.Collect$$rtentry$$00000009  c_w.l(__rtentry2.o)
    0x08000258   0x08000258   0x00000004   Code   RO         3730    .ARM.Collect$$rtentry$$0000000A  c_w.l(__rtentry2.o)
    0x0800025c   0x0800025c   0x00000000   Code   RO         3732    .ARM.Collect$$rtentry$$0000000C  c_w.l(__rtentry2.o)
    0x0800025c   0x0800025c   0x00000008   Code   RO         3733    .ARM.Collect$$rtentry$$0000000D  c_w.l(__rtentry2.o)
    0x08000264   0x08000264   0x00000002   Code   RO         3772    .ARM.Collect$$rtexit$$00000000  c_w.l(rtexit.o)
    0x08000266   0x08000266   0x00000000   Code   RO         3784    .ARM.Collect$$rtexit$$00000002  c_w.l(rtexit2.o)
    0x08000266   0x08000266   0x00000004   Code   RO         3785    .ARM.Collect$$rtexit$$00000003  c_w.l(rtexit2.o)
    0x0800026a   0x0800026a   0x00000006   Code   RO         3786    .ARM.Collect$$rtexit$$00000004  c_w.l(rtexit2.o)
    0x08000270   0x08000270   0x00000040   Code   RO            4    .text               startup_stm32f407xx.o
    0x080002b0   0x080002b0   0x00000018   Code   RO         3632    .text               c_w.l(noretval__2printf.o)
    0x080002c8   0x080002c8   0x00000068   Code   RO         3634    .text               c_w.l(__printf.o)
    0x08000330   0x08000330   0x00000078   Code   RO         3636    .text               c_w.l(_printf_dec.o)
    0x080003a8   0x080003a8   0x00000010   Code   RO         3665    .text               c_w.l(aeabi_memset.o)
    0x080003b8   0x080003b8   0x00000044   Code   RO         3667    .text               c_w.l(rt_memclr.o)
    0x080003fc   0x080003fc   0x0000004e   Code   RO         3669    .text               c_w.l(rt_memclr_w.o)
    0x0800044a   0x0800044a   0x00000006   Code   RO         3671    .text               c_w.l(heapauxi.o)
    0x08000450   0x08000450   0x000000b2   Code   RO         3676    .text               c_w.l(_printf_intcommon.o)
    0x08000502   0x08000502   0x00000002   PAD
    0x08000504   0x08000504   0x00000024   Code   RO         3678    .text               c_w.l(_printf_char_file.o)
    0x08000528   0x08000528   0x00000030   Code   RO         3741    .text               c_w.l(_printf_char_common.o)
    0x08000558   0x08000558   0x00000008   Code   RO         3743    .text               c_w.l(ferror.o)
    0x08000560   0x08000560   0x0000004a   Code   RO         3751    .text               c_w.l(sys_stackheap_outer.o)
    0x080005aa   0x080005aa   0x00000012   Code   RO         3755    .text               c_w.l(exit.o)
    0x080005bc   0x080005bc   0x00000008   Code   RO         3769    .text               c_w.l(libspace.o)
    0x080005c4   0x080005c4   0x00000002   Code   RO         3780    .text               c_w.l(use_no_semi.o)
    0x080005c6   0x080005c6   0x00000000   Code   RO         3782    .text               c_w.l(indicate_semi.o)
    0x080005c6   0x080005c6   0x00000002   PAD
    0x080005c8   0x080005c8   0x0000000c   Code   RO         3796    .text               c_w.l(sys_exit.o)
    0x080005d4   0x080005d4   0x0000000c   Code   RO         3460    i.CheckEEPROMContainsValidData  config.o
    0x080005e0   0x080005e0   0x0000005c   Code   RO         3461    i.CreateDefaultConfig  config.o
    0x0800063c   0x0800063c   0x00000014   Code   RO          117    i.DMA_Cmd           stm32f4xx_dma.o
    0x08000650   0x08000650   0x00000124   Code   RO          118    i.DMA_DeInit        stm32f4xx_dma.o
    0x08000774   0x08000774   0x00000006   Code   RO          123    i.DMA_GetCurrDataCounter  stm32f4xx_dma.o
    0x0800077a   0x0800077a   0x0000002c   Code   RO          128    i.DMA_ITConfig      stm32f4xx_dma.o
    0x080007a6   0x080007a6   0x00000002   PAD
    0x080007a8   0x080007a8   0x00000054   Code   RO          129    i.DMA_Init          stm32f4xx_dma.o
    0x080007fc   0x080007fc   0x0000000a   Code   RO          130    i.DMA_MemoryTargetConfig  stm32f4xx_dma.o
    0x08000806   0x08000806   0x00000004   Code   RO          132    i.DMA_SetCurrDataCounter  stm32f4xx_dma.o
    0x0800080a   0x0800080a   0x00000022   Code   RO          133    i.DMA_StructInit    stm32f4xx_dma.o
    0x0800082c   0x0800082c   0x00000004   Code   RO         2326    i.EXTI0_IRQHandler  exti.o
    0x08000830   0x08000830   0x00000004   Code   RO         2327    i.EXTI15_10_IRQHandler  exti.o
    0x08000834   0x08000834   0x00000004   Code   RO         2328    i.EXTI1_IRQHandler  exti.o
    0x08000838   0x08000838   0x00000004   Code   RO         2329    i.EXTI2_IRQHandler  exti.o
    0x0800083c   0x0800083c   0x00000004   Code   RO         2330    i.EXTI3_IRQHandler  exti.o
    0x08000840   0x08000840   0x00000004   Code   RO         2331    i.EXTI4_IRQHandler  exti.o
    0x08000844   0x08000844   0x00000004   Code   RO         2332    i.EXTI9_5_IRQHandler  exti.o
    0x08000848   0x08000848   0x00000028   Code   RO         2336    i.EXTIInit          exti.o
    0x08000870   0x08000870   0x00000040   Code   RO         2338    i.EXTI_IRQHandler   exti.o
    0x080008b0   0x080008b0   0x00000094   Code   RO         1931    i.EnableGPIOClk     main.o
    0x08000944   0x08000944   0x000000a2   Code   RO          572    i.GPIO_Init         stm32f4xx_gpio.o
    0x080009e6   0x080009e6   0x00000020   Code   RO          573    i.GPIO_PinAFConfig  stm32f4xx_gpio.o
    0x08000a06   0x08000a06   0x00000012   Code   RO          581    i.GPIO_StructInit   stm32f4xx_gpio.o
    0x08000a18   0x08000a18   0x00000048   Code   RO         2478    i.IOConfigGPIO      io.o
    0x08000a60   0x08000a60   0x0000005c   Code   RO         2479    i.IOConfigGPIOAF    io.o
    0x08000abc   0x08000abc   0x0000006c   Code   RO         2480    i.IOGetByTag        io.o
    0x08000b28   0x08000b28   0x00000040   Code   RO         2481    i.IOGlobalInit      io.o
    0x08000b68   0x08000b68   0x00000006   Code   RO         2483    i.IOInit            io.o
    0x08000b6e   0x08000b6e   0x00000012   Code   RO         2488    i.IOWrite           io.o
    0x08000b80   0x08000b80   0x00000014   Code   RO         2493    i.IO_GPIOPinIdx     io.o
    0x08000b94   0x08000b94   0x00000018   Code   RO         2494    i.IO_GPIOPortIdx    io.o
    0x08000bac   0x08000bac   0x00000004   Code   RO         2495    i.IO_GPIO_PinSource  io.o
    0x08000bb0   0x08000bb0   0x00000088   Code   RO         2634    i.LedInit           led.o
    0x08000c38   0x08000c38   0x00000028   Code   RO         2635    i.LedSet            led.o
    0x08000c60   0x08000c60   0x00000064   Code   RO           13    i.NVIC_Init         misc.o
    0x08000cc4   0x08000cc4   0x00000014   Code   RO           14    i.NVIC_PriorityGroupConfig  misc.o
    0x08000cd8   0x08000cd8   0x00000018   Code   RO          787    i.RCC_AHB1PeriphClockCmd  stm32f4xx_rcc.o
    0x08000cf0   0x08000cf0   0x00000018   Code   RO          790    i.RCC_AHB2PeriphClockCmd  stm32f4xx_rcc.o
    0x08000d08   0x08000d08   0x00000018   Code   RO          796    i.RCC_APB1PeriphClockCmd  stm32f4xx_rcc.o
    0x08000d20   0x08000d20   0x00000018   Code   RO          799    i.RCC_APB2PeriphClockCmd  stm32f4xx_rcc.o
    0x08000d38   0x08000d38   0x00000010   Code   RO          804    i.RCC_ClearFlag     stm32f4xx_rcc.o
    0x08000d48   0x08000d48   0x00000024   Code   RO         2673    i.RCC_ClockCmd      rcc.o
    0x08000d6c   0x08000d6c   0x00000090   Code   RO          808    i.RCC_GetClocksFreq  stm32f4xx_rcc.o
    0x08000dfc   0x08000dfc   0x00000020   Code   RO         3463    i.ResetLedStatusConfig  config.o
    0x08000e1c   0x08000e1c   0x0000002c   Code   RO         3464    i.ResetLedTimerConfig  config.o
    0x08000e48   0x08000e48   0x00000050   Code   RO         3465    i.ResetMotorConfig  config.o
    0x08000e98   0x08000e98   0x0000002c   Code   RO         3466    i.ResetPwmConfig    config.o
    0x08000ec4   0x08000ec4   0x0000003c   Code   RO         3467    i.ResetSerialConfig  config.o
    0x08000f00   0x08000f00   0x00000064   Code   RO         3468    i.ResetSerialPinConfig  config.o
    0x08000f64   0x08000f64   0x000000b4   Code   RO         2097    i.SetSysClock       system_stm32f4xx.o
    0x08001018   0x08001018   0x00000024   Code   RO         2140    i.SysTick_Handler   system.o
    0x0800103c   0x0800103c   0x00000024   Code   RO         2141    i.SysTick_Init      system.o
    0x08001060   0x08001060   0x0000005c   Code   RO         2099    i.SystemInit        system_stm32f4xx.o
    0x080010bc   0x080010bc   0x0000002e   Code   RO         1125    i.TI1_Config        stm32f4xx_tim.o
    0x080010ea   0x080010ea   0x00000036   Code   RO         1126    i.TI2_Config        stm32f4xx_tim.o
    0x08001120   0x08001120   0x00000010   Code   RO         3074    i.TIM1_CC_IRQHandler  timer.o
    0x08001130   0x08001130   0x00000010   Code   RO         3075    i.TIM2_IRQHandler   timer.o
    0x08001140   0x08001140   0x00000010   Code   RO         3076    i.TIM3_IRQHandler   timer.o
    0x08001150   0x08001150   0x00000010   Code   RO         3077    i.TIM4_IRQHandler   timer.o
    0x08001160   0x08001160   0x00000010   Code   RO         3078    i.TIM5_IRQHandler   timer.o
    0x08001170   0x08001170   0x00000014   Code   RO         1139    i.TIM_Cmd           stm32f4xx_tim.o
    0x08001184   0x08001184   0x00000016   Code   RO         1141    i.TIM_CtrlPWMOutputs  stm32f4xx_tim.o
    0x0800119a   0x0800119a   0x000000ac   Code   RO         1162    i.TIM_ICInit        stm32f4xx_tim.o
    0x08001246   0x08001246   0x00000010   Code   RO         1163    i.TIM_ICStructInit  stm32f4xx_tim.o
    0x08001256   0x08001256   0x00000010   Code   RO         1164    i.TIM_ITConfig      stm32f4xx_tim.o
    0x08001266   0x08001266   0x00000002   PAD
    0x08001268   0x08001268   0x00000060   Code   RO         1168    i.TIM_OC1Init       stm32f4xx_tim.o
    0x080012c8   0x080012c8   0x0000000c   Code   RO         1171    i.TIM_OC1PreloadConfig  stm32f4xx_tim.o
    0x080012d4   0x080012d4   0x00000080   Code   RO         1173    i.TIM_OC2Init       stm32f4xx_tim.o
    0x08001354   0x08001354   0x00000014   Code   RO         1176    i.TIM_OC2PreloadConfig  stm32f4xx_tim.o
    0x08001368   0x08001368   0x0000007c   Code   RO         1178    i.TIM_OC3Init       stm32f4xx_tim.o
    0x080013e4   0x080013e4   0x0000000c   Code   RO         1181    i.TIM_OC3PreloadConfig  stm32f4xx_tim.o
    0x080013f0   0x080013f0   0x00000060   Code   RO         1183    i.TIM_OC4Init       stm32f4xx_tim.o
    0x08001450   0x08001450   0x00000014   Code   RO         1185    i.TIM_OC4PreloadConfig  stm32f4xx_tim.o
    0x08001464   0x08001464   0x00000014   Code   RO         1186    i.TIM_OCStructInit  stm32f4xx_tim.o
    0x08001478   0x08001478   0x00000010   Code   RO         1206    i.TIM_SetIC1Prescaler  stm32f4xx_tim.o
    0x08001488   0x08001488   0x00000018   Code   RO         1207    i.TIM_SetIC2Prescaler  stm32f4xx_tim.o
    0x080014a0   0x080014a0   0x00000010   Code   RO         1208    i.TIM_SetIC3Prescaler  stm32f4xx_tim.o
    0x080014b0   0x080014b0   0x00000018   Code   RO         1209    i.TIM_SetIC4Prescaler  stm32f4xx_tim.o
    0x080014c8   0x080014c8   0x0000007c   Code   RO         1211    i.TIM_TimeBaseInit  stm32f4xx_tim.o
    0x08001544   0x08001544   0x00000012   Code   RO         1212    i.TIM_TimeBaseStructInit  stm32f4xx_tim.o
    0x08001556   0x08001556   0x00000002   PAD
    0x08001558   0x08001558   0x00000010   Code   RO         2986    i.USART1_IRQHandler  serial_uart_stm32f4xx.o
    0x08001568   0x08001568   0x00000010   Code   RO         2987    i.USART2_IRQHandler  serial_uart_stm32f4xx.o
    0x08001578   0x08001578   0x00000010   Code   RO         2988    i.USART3_IRQHandler  serial_uart_stm32f4xx.o
    0x08001588   0x08001588   0x00000010   Code   RO         2989    i.USART6_IRQHandler  serial_uart_stm32f4xx.o
    0x08001598   0x08001598   0x0000000c   Code   RO         1680    i.USART_ClearITPendingBit  stm32f4xx_usart.o
    0x080015a4   0x080015a4   0x00000014   Code   RO         1683    i.USART_Cmd         stm32f4xx_usart.o
    0x080015b8   0x080015b8   0x00000010   Code   RO         1684    i.USART_DMACmd      stm32f4xx_usart.o
    0x080015c8   0x080015c8   0x0000003e   Code   RO         1687    i.USART_GetITStatus  stm32f4xx_usart.o
    0x08001606   0x08001606   0x00000014   Code   RO         1688    i.USART_HalfDuplexCmd  stm32f4xx_usart.o
    0x0800161a   0x0800161a   0x00000030   Code   RO         1689    i.USART_ITConfig    stm32f4xx_usart.o
    0x0800164a   0x0800164a   0x00000002   PAD
    0x0800164c   0x0800164c   0x000000ac   Code   RO         1690    i.USART_Init        stm32f4xx_usart.o
    0x080016f8   0x080016f8   0x00000008   Code   RO         1700    i.USART_SendData    stm32f4xx_usart.o
    0x08001700   0x08001700   0x0000004c   Code   RO         3079    i.configTimeBaseKhz  timer.o
    0x0800174c   0x0800174c   0x00000048   Code   RO         3081    i.configTimeBaseMhz4UserBtn  timer.o
    0x08001794   0x08001794   0x00000016   Code   RO         2142    i.delay             system.o
    0x080017aa   0x080017aa   0x00000002   PAD
    0x080017ac   0x080017ac   0x00000018   Code   RO         2143    i.delayMicroseconds  system.o
    0x080017c4   0x080017c4   0x00000014   Code   RO         3546    i.feature           feature.o
    0x080017d8   0x080017d8   0x00000028   Code   RO         2817    i.findNextSerialPortConfig  serial.o
    0x08001800   0x08001800   0x00000010   Code   RO         2818    i.findSerialPortConfig  serial.o
    0x08001810   0x08001810   0x0000001c   Code   RO         2819    i.findSerialPortIndexByIdentifier  serial.o
    0x0800182c   0x0800182c   0x00000028   Code   RO         2820    i.findSerialPortUsageByIdentifier  serial.o
    0x08001854   0x08001854   0x0000000e   Code   RO         1932    i.fputc             main.o
    0x08001862   0x08001862   0x00000006   Code   RO         3553    i.intFeatureClearAll  feature.o
    0x08001868   0x08001868   0x00000008   Code   RO         3554    i.intFeatureSet     feature.o
    0x08001870   0x08001870   0x0000001a   Code   RO         2900    i.isUartTransmitBufferEmpty  serial_uart.o
    0x0800188a   0x0800188a   0x00000002   PAD
    0x0800188c   0x0800188c   0x00000014   Code   RO         3555    i.latchActiveFeatures  feature.o
    0x080018a0   0x080018a0   0x000000c0   Code   RO         3266    i.ledTimerInit      pwm_output.o
    0x08001960   0x08001960   0x000000dc   Code   RO         1933    i.main              main.o
    0x08001a3c   0x08001a3c   0x00000054   Code   RO         2144    i.micros            system.o
    0x08001a90   0x08001a90   0x0000004c   Code   RO         2145    i.microsISR         system.o
    0x08001adc   0x08001adc   0x00000080   Code   RO         2822    i.openSerialPort    serial.o
    0x08001b5c   0x08001b5c   0x00000058   Code   RO         3407    i.pwmEdgeCallback   rx_pwm.o
    0x08001bb4   0x08001bb4   0x00000044   Code   RO         3408    i.pwmICConfig       rx_pwm.o
    0x08001bf8   0x08001bf8   0x00000064   Code   RO         3268    i.pwmOCConfig       pwm_output.o
    0x08001c5c   0x08001c5c   0x00000024   Code   RO         3409    i.pwmOverflowCallback  rx_pwm.o
    0x08001c80   0x08001c80   0x0000000c   Code   RO         3410    i.pwmRead           rx_pwm.o
    0x08001c8c   0x08001c8c   0x000000a4   Code   RO         3411    i.pwmRxInit         rx_pwm.o
    0x08001d30   0x08001d30   0x0000000c   Code   RO         3270    i.pwmWriteLed       pwm_output.o
    0x08001d3c   0x08001d3c   0x00000014   Code   RO         3271    i.pwmWriteStandard  pwm_output.o
    0x08001d50   0x08001d50   0x00000002   Code   RO         3272    i.pwmWriteUnused    pwm_output.o
    0x08001d52   0x08001d52   0x00000002   PAD
    0x08001d54   0x08001d54   0x0000002c   Code   RO         2741    i.rxSerial3TestInit  rxserial3test.o
    0x08001d80   0x08001d80   0x00000010   Code   RO         2743    i.rxSerial3TestWrite  rxserial3test.o
    0x08001d90   0x08001d90   0x00000034   Code   RO         2823    i.serialInit        serial.o
    0x08001dc4   0x08001dc4   0x00000110   Code   RO         2990    i.serialUART        serial_uart_stm32f4xx.o
    0x08001ed4   0x08001ed4   0x0000000c   Code   RO         2991    i.serialUART1       serial_uart_stm32f4xx.o
    0x08001ee0   0x08001ee0   0x0000000c   Code   RO         2992    i.serialUART2       serial_uart_stm32f4xx.o
    0x08001eec   0x08001eec   0x0000000c   Code   RO         2993    i.serialUART3       serial_uart_stm32f4xx.o
    0x08001ef8   0x08001ef8   0x0000000c   Code   RO         2994    i.serialUART6       serial_uart_stm32f4xx.o
    0x08001f04   0x08001f04   0x00000006   Code   RO         2825    i.serialWrite       serial.o
    0x08001f0a   0x08001f0a   0x00000002   PAD
    0x08001f0c   0x08001f0c   0x00000050   Code   RO         1934    i.systemInit        main.o
    0x08001f5c   0x08001f5c   0x0000003e   Code   RO         3469    i.targetConfiguration  config.o
    0x08001f9a   0x08001f9a   0x0000007a   Code   RO         3082    i.timCCxHandler     timer.o
    0x08002014   0x08002014   0x00000004   Code   RO         3083    i.timerChCCHandlerInit  timer.o
    0x08002018   0x08002018   0x0000000a   Code   RO         3084    i.timerChCCR        timer.o
    0x08002022   0x08002022   0x00000002   PAD
    0x08002024   0x08002024   0x000000dc   Code   RO         3085    i.timerChConfigCallbacks  timer.o
    0x08002100   0x08002100   0x00000008   Code   RO         3086    i.timerChOvrHandlerInit  timer.o
    0x08002108   0x08002108   0x0000003c   Code   RO         3235    i.timerClockDivisor  timer_stm32f4xx.o
    0x08002144   0x08002144   0x00000036   Code   RO         3088    i.timerConfigure4UserBtn  timer.o
    0x0800217a   0x0800217a   0x00000002   PAD
    0x0800217c   0x0800217c   0x0000003c   Code   RO         3089    i.timerGetByTag     timer.o
    0x080021b8   0x080021b8   0x00000084   Code   RO         3090    i.timerInit         timer.o
    0x0800223c   0x0800223c   0x00000024   Code   RO         3091    i.timerInputIrq     timer.o
    0x08002260   0x08002260   0x0000001e   Code   RO         3092    i.timerNVICConfigure  timer.o
    0x0800227e   0x0800227e   0x00000028   Code   RO         3093    i.timerOCInit       timer.o
    0x080022a6   0x080022a6   0x00000028   Code   RO         3094    i.timerOCPreloadConfig  timer.o
    0x080022ce   0x080022ce   0x00000002   PAD
    0x080022d0   0x080022d0   0x00000024   Code   RO         3095    i.timerRCC          timer.o
    0x080022f4   0x080022f4   0x00000096   Code   RO         2995    i.uartIrqHandler    serial_uart_stm32f4xx.o
    0x0800238a   0x0800238a   0x00000002   PAD
    0x0800238c   0x0800238c   0x0000018c   Code   RO         2901    i.uartOpen          serial_uart.o
    0x08002518   0x08002518   0x0000002c   Code   RO         2902    i.uartRead          serial_uart.o
    0x08002544   0x08002544   0x0000008c   Code   RO         2903    i.uartReconfigure   serial_uart.o
    0x080025d0   0x080025d0   0x00000006   Code   RO         2904    i.uartSetBaudRate   serial_uart.o
    0x080025d6   0x080025d6   0x00000006   Code   RO         2905    i.uartSetMode       serial_uart.o
    0x080025dc   0x080025dc   0x0000004a   Code   RO         2906    i.uartStartTxDMA    serial_uart.o
    0x08002626   0x08002626   0x00000018   Code   RO         2907    i.uartTotalRxBytesWaiting  serial_uart.o
    0x0800263e   0x0800263e   0x00000026   Code   RO         2908    i.uartTotalTxBytesFree  serial_uart.o
    0x08002664   0x08002664   0x00000030   Code   RO         2909    i.uartWrite         serial_uart.o
    0x08002694   0x08002694   0x0000000a   Code   RO         3749    x$fpl$fpinit        fz_wm.l(fpinit.o)
    0x0800269e   0x0800269e   0x00000002   PAD
    0x080026a0   0x080026a0   0x000000a8   Data   RO         2216    .constdata          target.o
    0x08002748   0x08002748   0x00000016   Data   RO         2499    .constdata          io.o
    0x0800275e   0x0800275e   0x00000004   Data   RO         2827    .constdata          serial.o
    0x08002762   0x08002762   0x00000002   PAD
    0x08002764   0x08002764   0x00000028   Data   RO         2910    .constdata          serial_uart.o
    0x0800278c   0x0800278c   0x00000070   Data   RO         3236    .constdata          timer_stm32f4xx.o
    0x080027fc   0x080027fc   0x00000020   Data   RO         3841    Region$$Table       anon$$obj.o


    Execution Region RW_IRAM1 (Exec base: 0x20000000, Load base: 0x0800281c, Size: 0x00001fd8, Max: 0x00020000, ABSOLUTE, COMPRESSED[0x00000090])

    Exec Addr    Load Addr    Size         Type   Attr      Idx    E Section Name        Object

    0x20000000   COMPRESSED   0x00000010   Data   RW          840    .data               stm32f4xx_rcc.o
    0x20000010   COMPRESSED   0x00000010   Data   RW         1935    .data               main.o
    0x20000020   COMPRESSED   0x00000004   Data   RW         1938    .data               main.o
    0x20000024   COMPRESSED   0x00000014   Data   RW         2101    .data               system_stm32f4xx.o
    0x20000038   COMPRESSED   0x0000000c   Data   RW         2148    .data               system.o
    0x20000044   COMPRESSED   0x00000007   Data   RW         2341    .data               exti.o
    0x2000004b   COMPRESSED   0x00000001   Data   RW         2638    .data               led.o
    0x2000004c   COMPRESSED   0x00000004   Data   RW         2744    .data               rxserial3test.o
    0x20000050   COMPRESSED   0x00000008   Data   RW         2829    .data               serial.o
    0x20000058   COMPRESSED   0x0000047c   Data   RW         2996    .data               serial_uart_stm32f4xx.o
    0x200004d4   COMPRESSED   0x0000047c   Data   RW         2997    .data               serial_uart_stm32f4xx.o
    0x20000950   COMPRESSED   0x0000047c   Data   RW         2998    .data               serial_uart_stm32f4xx.o
    0x20000dcc   COMPRESSED   0x0000047c   Data   RW         2999    .data               serial_uart_stm32f4xx.o
    0x20001248   COMPRESSED   0x00000018   Data   RW         3000    .data               serial_uart_stm32f4xx.o
    0x20001260   COMPRESSED   0x0000000d   Data   RW         3097    .data               timer.o
    0x2000126d   COMPRESSED   0x00000003   PAD
    0x20001270   COMPRESSED   0x00000008   Data   RW         3274    .data               pwm_output.o
    0x20001278   COMPRESSED   0x00000002   Data   RW         3413    .data               rx_pwm.o
    0x2000127a   COMPRESSED   0x00000002   PAD
    0x2000127c   COMPRESSED   0x00000004   Data   RW         3556    .data               feature.o
    0x20001280        -       0x00000010   Zero   RW         2147    .bss                system.o
    0x20001290        -       0x00000040   Zero   RW         2339    .bss                exti.o
    0x200012d0        -       0x00000280   Zero   RW         2498    .bss                io.o
    0x20001550        -       0x00000010   Zero   RW         2637    .bss                led.o
    0x20001560        -       0x00000030   Zero   RW         2826    .bss                serial.o
    0x20001590        -       0x000000f0   Zero   RW         3096    .bss                timer.o
    0x20001680        -       0x00000140   Zero   RW         3273    .bss                pwm_output.o
    0x200017c0        -       0x00000140   Zero   RW         3412    .bss                rx_pwm.o
    0x20001900        -       0x00000078   Zero   RW         3470    .bss                config.o
    0x20001978        -       0x00000060   Zero   RW         3770    .bss                c_w.l(libspace.o)
    0x200019d8        -       0x00000200   Zero   RW            2    HEAP                startup_stm32f407xx.o
    0x20001bd8        -       0x00000400   Zero   RW            1    STACK               startup_stm32f407xx.o


==============================================================================

Image component sizes


      Code (inc. data)   RO Data    RW Data    ZI Data      Debug   Object Name

         0          0          0          0          0       3744   button.o
       526         34          0          0        120       7962   config.o
       132         16          0          7         64       5703   exti.o
        54         14          0          4          0       2823   feature.o
         0          0          0          0          0       3286   gps.o
       408         38         22          0        640      14694   io.o
       176         16          0          1         16       1891   led.o
       462         96          0         20          0      38865   main.o
       120         14          0          0          0     285579   misc.o
       326         28          0          8        320       6112   pwm_output.o
        36          0          0          0          0        659   rcc.o
       368         40          0          2        320       5117   rx_pwm.o
        60         10          0          4          0       1733   rxserial3test.o
       310         50          4          8         48       9014   serial.o
       802         18         40          0          0       9125   serial_uart.o
       534         32          0       4616          0       8050   serial_uart_stm32f4xx.o
        64         26        392          0       1536        904   startup_stm32f407xx.o
       494         24          0          0          0       6913   stm32f4xx_dma.o
       212          0          0          0          0       2601   stm32f4xx_gpio.o
       256         40          0         16          0       6392   stm32f4xx_rcc.o
      1096         60          0          0          0      36728   stm32f4xx_tim.o
       358          8          0          0          0       6750   stm32f4xx_usart.o
       278         32          0         12         16       6701   system.o
       272         36          0         20          0       2161   system_stm32f4xx.o
         0          0        168          0          0       2347   target.o
      1020         96          0         13        240      18874   timer.o
        60         22        112          0          0       2987   timer_stm32f4xx.o

    ----------------------------------------------------------------------
      8448        750        772       4736       3320     497715   Object Totals
         0          0         32          0          0          0   (incl. Generated)
        24          0          2          5          0          0   (incl. Padding)

    ----------------------------------------------------------------------

      Code (inc. data)   RO Data    RW Data    ZI Data      Debug   Library Member Name

        90          0          0          0          0          0   __dczerorl2.o
         8          0          0          0          0         68   __main.o
       104          0          0          0          0         84   __printf.o
         0          0          0          0          0          0   __rtentry.o
        12          0          0          0          0          0   __rtentry2.o
         6          0          0          0          0          0   __rtentry4.o
        52          8          0          0          0          0   __scatter.o
        28          0          0          0          0          0   __scatter_zi.o
        48          6          0          0          0         96   _printf_char_common.o
        36          4          0          0          0         80   _printf_char_file.o
       120         16          0          0          0         92   _printf_dec.o
       178          0          0          0          0         88   _printf_intcommon.o
         0          0          0          0          0          0   _printf_percent.o
         4          0          0          0          0          0   _printf_percent_end.o
         6          0          0          0          0          0   _printf_u.o
        16          0          0          0          0         68   aeabi_memset.o
        18          0          0          0          0         80   exit.o
         8          0          0          0          0         68   ferror.o
         6          0          0          0          0        152   heapauxi.o
         0          0          0          0          0          0   indicate_semi.o
         2          0          0          0          0          0   libinit.o
         6          0          0          0          0          0   libinit2.o
         2          0          0          0          0          0   libshutdown.o
         2          0          0          0          0          0   libshutdown2.o
         8          4          0          0         96         68   libspace.o
        24          4          0          0          0         84   noretval__2printf.o
        68          0          0          0          0         68   rt_memclr.o
        78          0          0          0          0         80   rt_memclr_w.o
         2          0          0          0          0          0   rtexit.o
        10          0          0          0          0          0   rtexit2.o
        12          4          0          0          0         68   sys_exit.o
        74          0          0          0          0         80   sys_stackheap_outer.o
         2          0          0          0          0         68   use_no_semi.o
        10          0          0          0          0        116   fpinit.o

    ----------------------------------------------------------------------
      1048         46          0          0         96       1508   Library Totals
         8          0          0          0          0          0   (incl. Padding)

    ----------------------------------------------------------------------

      Code (inc. data)   RO Data    RW Data    ZI Data      Debug   Library Name

      1030         46          0          0         96       1392   c_w.l
        10          0          0          0          0        116   fz_wm.l

    ----------------------------------------------------------------------
      1048         46          0          0         96       1508   Library Totals

    ----------------------------------------------------------------------

==============================================================================


      Code (inc. data)   RO Data    RW Data    ZI Data      Debug   

      9496        796        772       4736       3416     483747   Grand Totals
      9496        796        772        144       3416     483747   ELF Image Totals (compressed)
      9496        796        772        144          0          0   ROM Totals

==============================================================================

    Total RO  Size (Code + RO Data)                10268 (  10.03kB)
    Total RW  Size (RW Data + ZI Data)              8152 (   7.96kB)
    Total ROM Size (Code + RO Data + RW Data)      10412 (  10.17kB)

==============================================================================

